<html>
<body>
<pre>
<h1>µVision Build Log</h1>
<h2>Project:</h2>
D:\WORK\FWH_WORK\4X_III_FWH\release\4x_app_crazyflie_rel_a\uart.uvproj
Project File Date:  08/05/2013

<h2>Output:</h2>
Rebuild target '4x_app_crazyflie_rel_a'
compiling main.c...
compiling misc.c...
compiling stm32f10x_gpio.c...
compiling stm32f10x_rcc.c...
compiling stm32f10x_usart.c...
compiling stm32f10x_dma.c...
compiling stm32f10x_spi.c...
compiling stm32f10x_exti.c...
compiling stm32f10x_adc.c...
compiling stm32f10x_dbgmcu.c...
compiling stm32f10x_flash.c...
compiling stm32f10x_i2c.c...
compiling stm32f10x_iwdg.c...
compiling stm32f10x_tim.c...
compiling motors.c...
compiling led.c...
drivers\src\led.c(47): warning:  #177-D: variable "led_polarity" was declared but never referenced
compiling i2cdev.c...
compiling i2croutines.c...
compiling mpu6050.c...
compiling nvic.c...
compiling crtp.c...
compiling console.c...
compiling param.c...
compiling sensfusion6.c...
compiling controller.c...
compiling pid.c...
compiling system.c...
compiling comm.c...
compiling stabilizer.c...
compiling pidctrl.c...
compiling commander.c...
compiling debug.c...
compiling eprintf.c...
compiling filter.c...
compiling fp16.c...
compiling crc.c...
compiling uart.c...
hal\src\uart.c(134): warning:  #550-D: variable "rxState" was set but never used
hal\src\uart.c(137): warning:  #177-D: variable "c" was declared but never referenced
hal\src\uart.c(138): warning:  #177-D: variable "dataIndex1" was declared but never referenced
hal\src\uart.c(139): warning:  #177-D: variable "crc" was declared but never referenced
hal\src\uart.c(142): warning:  #177-D: variable "counter" was declared but never referenced
hal\src\uart.c(61): warning:  #177-D: variable "crcIndex" was declared but never referenced
hal\src\uart.c(65): warning:  #550-D: variable "uartDataDelivery" was set but never used
hal\src\uart.c(226): warning:  #177-D: variable "rxDataInterrupt" was declared but never referenced
compiling freeRTOSdebug.c...
compiling imu.c...
assembling startup_stm32f10x_md.s...
compiling list.c...
compiling queue.c...
compiling tasks.c...
compiling timers.c...
compiling heap_4.c...
compiling port.c...
compiling core_cm3.c...
compiling system_stm32f10x.c...
linking...
Program Size: Code=31228 RO-data=1004 RW-data=504 ZI-data=17936  
FromELF: creating hex file...
User command #1: fromelf.exe --bin -o bin\crazyfly.bin bin\crazyfly.axf
".\bin\crazyfly.axf" - 0 Error(s), 9 Warning(s).
Rebuild target '4x_app_crazyflie_rel_a'
compiling main.c...
compiling misc.c...
compiling stm32f10x_gpio.c...
compiling stm32f10x_rcc.c...
compiling stm32f10x_usart.c...
compiling stm32f10x_dma.c...
compiling stm32f10x_spi.c...
compiling stm32f10x_exti.c...
compiling stm32f10x_adc.c...
compiling stm32f10x_dbgmcu.c...
compiling stm32f10x_flash.c...
compiling stm32f10x_i2c.c...
compiling stm32f10x_iwdg.c...
compiling stm32f10x_tim.c...
compiling motors.c...
compiling led.c...
drivers\src\led.c(47): warning:  #177-D: variable "led_polarity" was declared but never referenced
compiling i2cdev.c...
compiling i2croutines.c...
compiling mpu6050.c...
compiling nvic.c...
compiling crtp.c...
compiling console.c...
compiling param.c...
compiling sensfusion6.c...
compiling controller.c...
compiling pid.c...
compiling system.c...
compiling comm.c...
compiling stabilizer.c...
compiling pidctrl.c...
compiling commander.c...
compiling debug.c...
compiling eprintf.c...
compiling filter.c...
compiling fp16.c...
compiling crc.c...
compiling uart.c...
hal\src\uart.c(134): warning:  #550-D: variable "rxState" was set but never used
hal\src\uart.c(137): warning:  #177-D: variable "c" was declared but never referenced
hal\src\uart.c(138): warning:  #177-D: variable "dataIndex1" was declared but never referenced
hal\src\uart.c(139): warning:  #177-D: variable "crc" was declared but never referenced
hal\src\uart.c(142): warning:  #177-D: variable "counter" was declared but never referenced
hal\src\uart.c(61): warning:  #177-D: variable "crcIndex" was declared but never referenced
hal\src\uart.c(65): warning:  #550-D: variable "uartDataDelivery" was set but never used
hal\src\uart.c(226): warning:  #177-D: variable "rxDataInterrupt" was declared but never referenced
compiling freeRTOSdebug.c...
compiling imu.c...
assembling startup_stm32f10x_md.s...
compiling list.c...
compiling queue.c...
compiling tasks.c...
compiling timers.c...
compiling heap_4.c...
compiling port.c...
compiling core_cm3.c...
compiling system_stm32f10x.c...
compiling readme.c...
readme\readme.c(40): warning:  #1-D: last line of file ends without a newline
linking...
Program Size: Code=31228 RO-data=1004 RW-data=504 ZI-data=17936  
FromELF: creating hex file...
User command #1: fromelf.exe --bin -o bin\crazyfly.bin bin\crazyfly.axf
".\bin\crazyfly.axf" - 0 Error(s), 10 Warning(s).
Load "D:\\WORK\\FWH_WORK\\4X_III_FWH\\release\\4x_app_crazyflie_rel_a\\bin\\crazyfly.AXF" 
* JLink Info: Device "STM32F103T8" selected (64 KB flash, 20 KB RAM).
Set JLink Project File to "D:\WORK\FWH_WORK\4X_III_FWH\release\4x_app_crazyflie_rel_a\JLinkSettings.ini"
 
JLink info:
------------
DLL: V4.40c, compiled Jan 24 2012 09:30:33
Firmware: J-Link ARM-OB STM32 compiled Dec 15 2010 11:30:03
Hardware: V7.00
S/N : 20090928 
Feature(s) : RDI,FlashDL,FlashBP,JFlash,GDBFull 
 
* JLink Info: Found SWD-DP with ID 0x1BA01477
* JLink Info: TPIU fitted.
* JLink Info:   FPUnit: 6 code (BP) slots and 2 literal slots
* JLink Info: Found Cortex-M3 r1p1, Little endian.
ROMTableAddr = 0xE00FF003
* JLink Info: Found SWD-DP with ID 0x1BA01477
* JLink Info: TPIU fitted.
* JLink Info:   FPUnit: 6 code (BP) slots and 2 literal slots
* JLink Info: Found Cortex-M3 r1p1, Little endian.
 
Target info:
------------
Device: STM32F103T8
VTarget = 3.300V
State of Pins: 
TCK: 0, TDI: 0, TDO: 1, TMS: 0, TRES: 1, TRST: 1
Hardware-Breakpoints: 6
Software-Breakpoints: 8192
Watchpoints:          4
JTAG speed: 2000 kHz
 
Erase Done.
Programming Done.
Verify OK.
* JLink Info: Found SWD-DP with ID 0x1BA01477
* JLink Info: TPIU fitted.
* JLink Info:   FPUnit: 6 code (BP) slots and 2 literal slots
* JLink Info: Found Cortex-M3 r1p1, Little endian.
Application running ...
Rebuild target '4x_app_crazyflie_rel_a'
compiling main.c...
compiling misc.c...
compiling stm32f10x_gpio.c...
compiling stm32f10x_rcc.c...
compiling stm32f10x_usart.c...
compiling stm32f10x_dma.c...
compiling stm32f10x_spi.c...
compiling stm32f10x_exti.c...
compiling stm32f10x_adc.c...
compiling stm32f10x_dbgmcu.c...
compiling stm32f10x_flash.c...
compiling stm32f10x_i2c.c...
compiling stm32f10x_iwdg.c...
compiling stm32f10x_tim.c...
compiling motors.c...
compiling led.c...
drivers\src\led.c(47): warning:  #177-D: variable "led_polarity" was declared but never referenced
compiling i2cdev.c...
compiling i2croutines.c...
compiling mpu6050.c...
compiling nvic.c...
compiling crtp.c...
compiling console.c...
compiling param.c...
compiling sensfusion6.c...
compiling controller.c...
compiling pid.c...
compiling system.c...
compiling comm.c...
compiling stabilizer.c...
compiling pidctrl.c...
compiling commander.c...
compiling debug.c...
compiling eprintf.c...
compiling filter.c...
compiling fp16.c...
compiling crc.c...
compiling uart.c...
hal\src\uart.c(134): warning:  #550-D: variable "rxState" was set but never used
hal\src\uart.c(137): warning:  #177-D: variable "c" was declared but never referenced
hal\src\uart.c(138): warning:  #177-D: variable "dataIndex1" was declared but never referenced
hal\src\uart.c(139): warning:  #177-D: variable "crc" was declared but never referenced
hal\src\uart.c(142): warning:  #177-D: variable "counter" was declared but never referenced
hal\src\uart.c(61): warning:  #177-D: variable "crcIndex" was declared but never referenced
hal\src\uart.c(65): warning:  #550-D: variable "uartDataDelivery" was set but never used
hal\src\uart.c(226): warning:  #177-D: variable "rxDataInterrupt" was declared but never referenced
compiling freeRTOSdebug.c...
compiling imu.c...
assembling startup_stm32f10x_md.s...
compiling list.c...
compiling queue.c...
compiling tasks.c...
compiling timers.c...
compiling heap_4.c...
compiling port.c...
compiling core_cm3.c...
compiling system_stm32f10x.c...
compiling readme.c...
readme\readme.c(40): warning:  #1-D: last line of file ends without a newline
linking...
Program Size: Code=31228 RO-data=1004 RW-data=504 ZI-data=17936  
FromELF: creating hex file...
User command #1: fromelf.exe --bin -o bin\crazyfly.bin bin\crazyfly.axf
".\bin\crazyfly.axf" - 0 Error(s), 10 Warning(s).
Clean started: Project: 'uart'
   deleting intermediate output files for target '4x_app_crazyflie_rel_a'
