<html>
<body>
<pre>
<h1>µVision Build Log</h1>
<h2>Project:</h2>
E:\º½Ä£\Ô´Âë\Ä£¿é²âÊÔ\uart\uart.uvproj
Project File Date:  07/21/2013

<h2>Output:</h2>
compiling param.c...
modules\src\param.c(82): error:  #80: a storage class may not be specified here
modules\src\param.c(188): warning:  #68-D: integer conversion resulted in a change of sign
modules\src\param.c(226): warning:  #68-D: integer conversion resulted in a change of sign
modules\src\param.c - 1 Error(s), 2 Warning(s).
compiling param.c...
modules\src\param.c(82): error:  #80: a storage class may not be specified here
modules\src\param.c - 1 Error(s), 0 Warning(s).
compiling param.c...
modules\src\param.c(82): error:  #80: a storage class may not be specified here
modules\src\param.c - 1 Error(s), 0 Warning(s).
compiling param.c...
modules\src\param.c - 0 Error(s), 0 Warning(s).
compiling sensfusion6.c...
modules\src\sensfusion6.c(30): error:  #5: cannot open source input file "imu.h": No such file or directory
modules\src\sensfusion6.c - 1 Error(s), 0 Warning(s).
compiling imu.c...
hal\src\imu.c(45): error:  #5: cannot open source input file "param.h": No such file or directory
hal\src\imu.c - 1 Error(s), 0 Warning(s).
compiling param.c...
modules\src\param.c - 0 Error(s), 0 Warning(s).
compiling imu.c...
hal\src\imu.c(45): error:  #5: cannot open source input file "param.h": No such file or directory
hal\src\imu.c - 1 Error(s), 0 Warning(s).
compiling imu.c...
hal\src\imu.c(201): warning:  #68-D: integer conversion resulted in a change of sign
hal\src\imu.c(204): error:  #20: identifier "M_PI" is undefined
hal\src\imu.c - 1 Error(s), 1 Warning(s).
compiling imu.c...
hal\src\imu.c(204): error:  #20: identifier "M_PI" is undefined
hal\src\imu.c - 1 Error(s), 0 Warning(s).
compiling imu.c...
hal\src\imu.c - 0 Error(s), 0 Warning(s).
compiling param.c...
modules\src\param.c - 0 Error(s), 0 Warning(s).
compiling sensfusion6.c...
modules\src\sensfusion6.c(165): error:  #20: identifier "M_PI" is undefined
modules\src\sensfusion6.c(240): error:  #20: identifier "M_PI" is undefined
modules\src\sensfusion6.c - 2 Error(s), 0 Warning(s).
compiling sensfusion6.c...
modules\src\sensfusion6.c - 0 Error(s), 0 Warning(s).
Rebuild target 'uart'
compiling main.c...
init\main.c(33): error:  #20: identifier "ggm" is undefined
init\main.c(30): warning:  #550-D: variable "a" was set but never used
compiling misc.c...
compiling stm32f10x_gpio.c...
compiling stm32f10x_rcc.c...
compiling stm32f10x_usart.c...
compiling stm32f10x_dma.c...
compiling stm32f10x_spi.c...
compiling stm32f10x_exti.c...
compiling stm32f10x_adc.c...
compiling stm32f10x_dbgmcu.c...
compiling stm32f10x_flash.c...
compiling stm32f10x_i2c.c...
compiling stm32f10x_iwdg.c...
compiling stm32f10x_tim.c...
compiling exti.c...
compiling nrf24l01.c...
compiling motors.c...
compiling led.c...
compiling i2cdev.c...
compiling i2croutines.c...
compiling mpu6050.c...
compiling ms5611.c...
compiling hmc5883l.c...
compiling crtp.c...
compiling console.c...
compiling crtpservice.c...
compiling commander.c...
compiling param.c...
compiling sensfusion6.c...
compiling configblock.c...
compiling cpuid.c...
compiling crc.c...
compiling debug.c...
compiling eprintf.c...
compiling filter.c...
compiling fp16.c...
compiling cfassert.c...
compiling uart.c...
compiling freeRTOSdebug.c...
compiling ledseq.c...
hal\src\ledseq.c(210): warning:  #767-D: conversion from pointer to smaller integer
compiling imu.c...
assembling startup_stm32f10x_md.s...
compiling list.c...
compiling queue.c...
compiling tasks.c...
compiling timers.c...
compiling heap_4.c...
compiling port.c...
compiling core_cm3.c...
compiling system_stm32f10x.c...
Target not created
compiling main.c...
init\main.c - 0 Error(s), 0 Warning(s).
Rebuild target 'uart'
compiling main.c...
compiling misc.c...
compiling stm32f10x_gpio.c...
compiling stm32f10x_rcc.c...
compiling stm32f10x_usart.c...
compiling stm32f10x_dma.c...
compiling stm32f10x_spi.c...
compiling stm32f10x_exti.c...
compiling stm32f10x_adc.c...
compiling stm32f10x_dbgmcu.c...
compiling stm32f10x_flash.c...
compiling stm32f10x_i2c.c...
compiling stm32f10x_iwdg.c...
compiling stm32f10x_tim.c...
compiling exti.c...
compiling nrf24l01.c...
compiling motors.c...
compiling led.c...
compiling i2cdev.c...
compiling i2croutines.c...
compiling mpu6050.c...
compiling ms5611.c...
compiling hmc5883l.c...
compiling crtp.c...
compiling console.c...
compiling crtpservice.c...
compiling commander.c...
compiling param.c...
compiling sensfusion6.c...
compiling configblock.c...
compiling cpuid.c...
compiling crc.c...
compiling debug.c...
compiling eprintf.c...
compiling filter.c...
compiling fp16.c...
compiling cfassert.c...
compiling uart.c...
compiling freeRTOSdebug.c...
compiling ledseq.c...
hal\src\ledseq.c(210): warning:  #767-D: conversion from pointer to smaller integer
compiling imu.c...
assembling startup_stm32f10x_md.s...
compiling list.c...
compiling queue.c...
compiling tasks.c...
compiling timers.c...
compiling heap_4.c...
compiling port.c...
compiling core_cm3.c...
compiling system_stm32f10x.c...
linking...
.\bin\uart.axf: Error: L6200E: Symbol paramsint multiply defined (by sensfusion6.o and param.o).
.\bin\uart.axf: Error: L6200E: Symbol paramsint multiply defined (by imu.o and param.o).
Target not created
Rebuild target 'uart'
compiling main.c...
compiling misc.c...
compiling stm32f10x_gpio.c...
compiling stm32f10x_rcc.c...
compiling stm32f10x_usart.c...
compiling stm32f10x_dma.c...
compiling stm32f10x_spi.c...
compiling stm32f10x_exti.c...
compiling stm32f10x_adc.c...
compiling stm32f10x_dbgmcu.c...
compiling stm32f10x_flash.c...
compiling stm32f10x_i2c.c...
compiling stm32f10x_iwdg.c...
compiling stm32f10x_tim.c...
compiling exti.c...
compiling nrf24l01.c...
compiling motors.c...
compiling led.c...
compiling i2cdev.c...
compiling i2croutines.c...
compiling mpu6050.c...
compiling ms5611.c...
compiling hmc5883l.c...
compiling crtp.c...
compiling console.c...
compiling crtpservice.c...
compiling commander.c...
compiling param.c...
compiling sensfusion6.c...
compiling configblock.c...
compiling cpuid.c...
compiling crc.c...
compiling debug.c...
compiling eprintf.c...
compiling filter.c...
compiling fp16.c...
compiling cfassert.c...
compiling uart.c...
compiling freeRTOSdebug.c...
compiling ledseq.c...
hal\src\ledseq.c(210): warning:  #767-D: conversion from pointer to smaller integer
compiling imu.c...
assembling startup_stm32f10x_md.s...
compiling list.c...
compiling queue.c...
compiling tasks.c...
compiling timers.c...
compiling heap_4.c...
compiling port.c...
compiling core_cm3.c...
compiling system_stm32f10x.c...
linking...
.\bin\uart.axf: Error: L6200E: Symbol paramsint multiply defined (by sensfusion6.o and param.o).
.\bin\uart.axf: Error: L6200E: Symbol paramsint multiply defined (by imu.o and param.o).
Target not created
compiling param.c...
modules\src\param.c(42): error:  #101: "Params" has already been declared in the current scope
modules\src\param.c(52): error:  #147: declaration is incompatible with "struct Params paramsint" (declared at line 107 of ".\modules\interface\param.h")
modules\src\param.c - 2 Error(s), 0 Warning(s).
compiling param.c...
modules\src\param.c - 0 Error(s), 0 Warning(s).
compiling sensfusion6.c...
modules\src\sensfusion6.c(287): error:  #70: incomplete type is not allowed
modules\src\sensfusion6.c(288): error:  #70: incomplete type is not allowed
modules\src\sensfusion6.c(289): error:  #70: incomplete type is not allowed
modules\src\sensfusion6.c(290): error:  #70: incomplete type is not allowed
modules\src\sensfusion6.c(291): error:  #70: incomplete type is not allowed
modules\src\sensfusion6.c(292): error:  #70: incomplete type is not allowed
modules\src\sensfusion6.c(293): error:  #70: incomplete type is not allowed
modules\src\sensfusion6.c(294): error:  #70: incomplete type is not allowed
modules\src\sensfusion6.c(295): error:  #70: incomplete type is not allowed
modules\src\sensfusion6.c(296): error:  #70: incomplete type is not allowed
modules\src\sensfusion6.c(297): error:  #70: incomplete type is not allowed
modules\src\sensfusion6.c(298): error:  #70: incomplete type is not allowed
modules\src\sensfusion6.c - 12 Error(s), 0 Warning(s).
compiling imu.c...
hal\src\imu.c(487): error:  #70: incomplete type is not allowed
hal\src\imu.c(488): error:  #70: incomplete type is not allowed
hal\src\imu.c(489): error:  #70: incomplete type is not allowed
hal\src\imu.c(490): error:  #70: incomplete type is not allowed
hal\src\imu.c(491): error:  #70: incomplete type is not allowed
hal\src\imu.c(492): error:  #70: incomplete type is not allowed
hal\src\imu.c(493): error:  #70: incomplete type is not allowed
hal\src\imu.c(494): error:  #70: incomplete type is not allowed
hal\src\imu.c(495): error:  #70: incomplete type is not allowed
hal\src\imu.c - 9 Error(s), 0 Warning(s).
compiling imu.c...
hal\src\imu.c - 0 Error(s), 0 Warning(s).
compiling sensfusion6.c...
modules\src\sensfusion6.c - 0 Error(s), 0 Warning(s).
Rebuild target 'uart'
compiling main.c...
compiling misc.c...
compiling stm32f10x_gpio.c...
compiling stm32f10x_rcc.c...
compiling stm32f10x_usart.c...
compiling stm32f10x_dma.c...
compiling stm32f10x_spi.c...
compiling stm32f10x_exti.c...
compiling stm32f10x_adc.c...
compiling stm32f10x_dbgmcu.c...
compiling stm32f10x_flash.c...
compiling stm32f10x_i2c.c...
compiling stm32f10x_iwdg.c...
compiling stm32f10x_tim.c...
compiling exti.c...
compiling nrf24l01.c...
compiling motors.c...
compiling led.c...
compiling i2cdev.c...
compiling i2croutines.c...
compiling mpu6050.c...
compiling ms5611.c...
compiling hmc5883l.c...
compiling crtp.c...
compiling console.c...
compiling crtpservice.c...
compiling commander.c...
compiling param.c...
compiling sensfusion6.c...
compiling configblock.c...
compiling cpuid.c...
compiling crc.c...
compiling debug.c...
compiling eprintf.c...
compiling filter.c...
compiling fp16.c...
compiling cfassert.c...
compiling uart.c...
compiling freeRTOSdebug.c...
compiling ledseq.c...
hal\src\ledseq.c(210): warning:  #767-D: conversion from pointer to smaller integer
compiling imu.c...
assembling startup_stm32f10x_md.s...
compiling list.c...
compiling queue.c...
compiling tasks.c...
compiling timers.c...
compiling heap_4.c...
compiling port.c...
compiling core_cm3.c...
compiling system_stm32f10x.c...
linking...
Program Size: Code=6532 RO-data=268 RW-data=208 ZI-data=16296  
FromELF: creating hex file...
".\bin\uart.axf" - 0 Error(s), 1 Warning(s).
compiling controller.c...
modules\src\controller.c(33): error:  #5: cannot open source input file "pid.h": No such file or directory
modules\src\controller.c - 1 Error(s), 0 Warning(s).
compiling controller.c...
modules\src\controller.c - 0 Error(s), 0 Warning(s).
compiling pid.c...
modules\src\pid.c - 0 Error(s), 0 Warning(s).
Rebuild target 'uart'
compiling main.c...
compiling misc.c...
compiling stm32f10x_gpio.c...
compiling stm32f10x_rcc.c...
compiling stm32f10x_usart.c...
compiling stm32f10x_dma.c...
compiling stm32f10x_spi.c...
compiling stm32f10x_exti.c...
compiling stm32f10x_adc.c...
compiling stm32f10x_dbgmcu.c...
compiling stm32f10x_flash.c...
compiling stm32f10x_i2c.c...
compiling stm32f10x_iwdg.c...
compiling stm32f10x_tim.c...
compiling exti.c...
compiling nrf24l01.c...
compiling motors.c...
compiling led.c...
compiling i2cdev.c...
compiling i2croutines.c...
compiling mpu6050.c...
compiling ms5611.c...
compiling hmc5883l.c...
compiling crtp.c...
compiling console.c...
compiling crtpservice.c...
compiling commander.c...
compiling param.c...
compiling sensfusion6.c...
compiling controller.c...
compiling pid.c...
compiling configblock.c...
compiling cpuid.c...
compiling crc.c...
compiling debug.c...
compiling eprintf.c...
compiling filter.c...
compiling fp16.c...
compiling cfassert.c...
compiling uart.c...
compiling freeRTOSdebug.c...
compiling ledseq.c...
hal\src\ledseq.c(210): warning:  #767-D: conversion from pointer to smaller integer
compiling imu.c...
assembling startup_stm32f10x_md.s...
compiling list.c...
compiling queue.c...
compiling tasks.c...
compiling timers.c...
compiling heap_4.c...
compiling port.c...
compiling core_cm3.c...
compiling system_stm32f10x.c...
linking...
Program Size: Code=6532 RO-data=268 RW-data=208 ZI-data=16296  
FromELF: creating hex file...
".\bin\uart.axf" - 0 Error(s), 1 Warning(s).
compiling log.c...
modules\src\log.c(45): error:  #5: cannot open source input file "worker.h": No such file or directory
modules\src\log.c - 1 Error(s), 0 Warning(s).
compiling log.c...
.\modules\interface\worker.h(31): warning:  #1295-D: Deprecated declaration workerInit - give arg types
.\modules\interface\worker.h(33): warning:  #1295-D: Deprecated declaration workerTest - give arg types
.\modules\interface\worker.h(41): warning:  #1295-D: Deprecated declaration workerLoop - give arg types
modules\src\log.c(148): warning:  #1295-D: Deprecated declaration logReset - give arg types
modules\src\log.c(178): warning:  #191-D: type qualifier is meaningless on cast type
modules\src\log.c(271): error:  #20: identifier "ENOEXEC" is undefined
modules\src\log.c(333): warning:  #1295-D: Deprecated declaration opsMalloc - give arg types
modules\src\log.c(350): error:  #20: identifier "ENOENT" is undefined
modules\src\log.c(363): error:  #20: identifier "E2BIG" is undefined
modules\src\log.c(379): error:  #20: identifier "ENOENT" is undefined
modules\src\log.c(415): error:  #20: identifier "ENOENT" is undefined
modules\src\log.c(445): error:  #20: identifier "ENOENT" is undefined
modules\src\log.c(471): error:  #20: identifier "ENOENT" is undefined
modules\src\log.c - 7 Error(s), 6 Warning(s).
compiling worker.c...
.\modules\interface\worker.h(31): warning:  #1295-D: Deprecated declaration workerInit - give arg types
.\modules\interface\worker.h(33): warning:  #1295-D: Deprecated declaration workerTest - give arg types
.\modules\interface\worker.h(41): warning:  #1295-D: Deprecated declaration workerLoop - give arg types
modules\src\worker.c(79): error:  #20: identifier "ENOEXEC" is undefined
modules\src\worker.c - 1 Error(s), 3 Warning(s).
compiling worker.c...
modules\src\worker.c(79): error:  #20: identifier "ENOEXEC" is undefined
modules\src\worker.c - 1 Error(s), 0 Warning(s).
compiling worker.c...
modules\src\worker.c - 0 Error(s), 0 Warning(s).
compiling log.c...
modules\src\log.c(148): warning:  #1295-D: Deprecated declaration logReset - give arg types
modules\src\log.c(178): warning:  #191-D: type qualifier is meaningless on cast type
modules\src\log.c(271): error:  #20: identifier "ENOEXEC" is undefined
modules\src\log.c(333): warning:  #1295-D: Deprecated declaration opsMalloc - give arg types
modules\src\log.c(350): error:  #20: identifier "ENOENT" is undefined
modules\src\log.c(363): error:  #20: identifier "E2BIG" is undefined
modules\src\log.c(379): error:  #20: identifier "ENOENT" is undefined
modules\src\log.c(415): error:  #20: identifier "ENOENT" is undefined
modules\src\log.c(445): error:  #20: identifier "ENOENT" is undefined
modules\src\log.c(471): error:  #20: identifier "ENOENT" is undefined
modules\src\log.c - 7 Error(s), 3 Warning(s).
compiling log.c...
modules\src\log.c(152): warning:  #1295-D: Deprecated declaration logReset - give arg types
modules\src\log.c(182): warning:  #191-D: type qualifier is meaningless on cast type
modules\src\log.c(337): warning:  #1295-D: Deprecated declaration opsMalloc - give arg types
modules\src\log.c - 0 Error(s), 3 Warning(s).
compiling log.c...
modules\src\log.c - 0 Error(s), 0 Warning(s).
compiling pm.c...
hal\src\pm.c(35): error:  #5: cannot open source input file "system.h": No such file or directory
hal\src\pm.c - 1 Error(s), 0 Warning(s).
compiling pm.c...
.\modules\interface\system.h(38): warning:  #1295-D: Deprecated declaration systemStart - give arg types
.\hal\interface\pm.h(29): error:  #5: cannot open source input file "adc.h": No such file or directory
hal\src\pm.c - 1 Error(s), 1 Warning(s).
compiling pm.c...
hal\src\pm.c(42): error:  #5: cannot open source input file "radiolink.h": No such file or directory
hal\src\pm.c - 1 Error(s), 0 Warning(s).
compiling pm.c...
.\hal\interface\radiolink.h(32): warning:  #1295-D: Deprecated declaration radiolinkInit - give arg types
.\hal\interface\radiolink.h(33): warning:  #1295-D: Deprecated declaration radiolinkTest - give arg types
.\hal\interface\radiolink.h(34): warning:  #1295-D: Deprecated declaration radiolinkGetLink - give arg types
hal\src\pm.c(67): error:  #260-D: explicit type is missing ("int" assumed)
hal\src\pm.c(67): warning:  #1294-D: Old-style function LOG_GROUP_START
hal\src\pm.c(68): error:  #169: expected a declaration
hal\src\pm.c(93): warning:  #12-D: parsing restarts here after previous syntax error
hal\src\pm.c(94): error:  #169: expected a declaration
hal\src\pm.c(95): error:  #169: expected a declaration
hal\src\pm.c(96): error:  #169: expected a declaration
hal\src\pm.c(98): error:  #169: expected a declaration
hal\src\pm.c(99): error:  #169: expected a declaration
hal\src\pm.c(100): error:  #169: expected a declaration
hal\src\pm.c(101): error:  #169: expected a declaration
hal\src\pm.c(103): error:  #169: expected a declaration
hal\src\pm.c(104): error:  #169: expected a declaration
hal\src\pm.c(105): error:  #169: expected a declaration
hal\src\pm.c(106): error:  #169: expected a declaration
hal\src\pm.c(108): error:  #169: expected a declaration
hal\src\pm.c(109): error:  #169: expected a declaration
hal\src\pm.c(110): error:  #169: expected a declaration
hal\src\pm.c(111): error:  #169: expected a declaration
hal\src\pm.c(114): error:  #169: expected a declaration
hal\src\pm.c(117): error:  #169: expected a declaration
hal\src\pm.c(67): warning:  #1079-D: standard requires that parameter "pm" be given a type by a subsequent declaration ("int" assumed)
hal\src\pm.c(118): error:  #130: expected a "{"
hal\src\pm.c(278): warning:  #167-D: argument of type "void *" is incompatible with parameter of type "pdTASK_HOOK_CODE"
hal\src\pm.c - 20 Error(s), 7 Warning(s).
compiling log.c...
modules\src\log.c - 0 Error(s), 0 Warning(s).
compiling pm.c...
hal\src\pm.c(90): error:  #65: expected a ";"
hal\src\pm.c(136): warning:  #191-D: type qualifier is meaningless on cast type
hal\src\pm.c(300): warning:  #167-D: argument of type "void *" is incompatible with parameter of type "pdTASK_HOOK_CODE"
hal\src\pm.c - 1 Error(s), 2 Warning(s).
compiling pm.c...
hal\src\pm.c(136): warning:  #191-D: type qualifier is meaningless on cast type
hal\src\pm.c(300): warning:  #167-D: argument of type "void *" is incompatible with parameter of type "pdTASK_HOOK_CODE"
hal\src\pm.c - 0 Error(s), 2 Warning(s).
compiling pm.c...
hal\src\pm.c - 0 Error(s), 0 Warning(s).
Rebuild target 'uart'
compiling main.c...
compiling misc.c...
compiling stm32f10x_gpio.c...
compiling stm32f10x_rcc.c...
compiling stm32f10x_usart.c...
compiling stm32f10x_dma.c...
compiling stm32f10x_spi.c...
compiling stm32f10x_exti.c...
compiling stm32f10x_adc.c...
compiling stm32f10x_dbgmcu.c...
compiling stm32f10x_flash.c...
compiling stm32f10x_i2c.c...
compiling stm32f10x_iwdg.c...
compiling stm32f10x_tim.c...
compiling exti.c...
compiling nrf24l01.c...
compiling motors.c...
compiling led.c...
compiling i2cdev.c...
compiling i2croutines.c...
compiling mpu6050.c...
compiling ms5611.c...
compiling hmc5883l.c...
compiling crtp.c...
compiling console.c...
compiling crtpservice.c...
compiling commander.c...
compiling param.c...
compiling sensfusion6.c...
compiling controller.c...
compiling pid.c...
compiling log.c...
compiling worker.c...
compiling configblock.c...
compiling cpuid.c...
compiling crc.c...
compiling debug.c...
compiling eprintf.c...
compiling filter.c...
compiling fp16.c...
compiling cfassert.c...
compiling uart.c...
compiling freeRTOSdebug.c...
compiling ledseq.c...
hal\src\ledseq.c(210): warning:  #767-D: conversion from pointer to smaller integer
compiling imu.c...
compiling pm.c...
assembling startup_stm32f10x_md.s...
compiling list.c...
compiling queue.c...
compiling tasks.c...
compiling timers.c...
compiling heap_4.c...
compiling port.c...
compiling core_cm3.c...
compiling system_stm32f10x.c...
linking...
.\bin\uart.axf: Error: L6218E: Undefined symbol adcConvertToVoltageFloat (referred from pm.o).
.\bin\uart.axf: Error: L6218E: Undefined symbol radiolinkReInit (referred from pm.o).
.\bin\uart.axf: Error: L6218E: Undefined symbol systemSetCanFly (referred from pm.o).
Target not created
compiling worker.c...
modules\src\worker.c - 0 Error(s), 0 Warning(s).
compiling system.c...
modules\src\system.c(48): error:  #5: cannot open source input file "stabilizer.h": No such file or directory
modules\src\system.c - 1 Error(s), 0 Warning(s).
compiling system.c...
modules\src\system.c(48): error:  #5: cannot open source input file "stabilizer.h": No such file or directory
modules\src\system.c - 1 Error(s), 0 Warning(s).
compiling eskylink.c...
hal\src\eskylink.c(81): warning:  #223-D: function "vPortYieldFromISR" declared implicitly
hal\src\eskylink.c(96): error:  #20: identifier "ENETDOWN" is undefined
hal\src\eskylink.c(106): error:  #20: identifier "ENETDOWN" is undefined
hal\src\eskylink.c(202): warning:  #186-D: pointless comparison of unsigned integer with zero
hal\src\eskylink.c(312): warning:  #191-D: type qualifier is meaningless on cast type
hal\src\eskylink.c - 2 Error(s), 3 Warning(s).
compiling eskylink.c...
hal\src\eskylink.c(97): error:  #20: identifier "ENETDOWN" is undefined
hal\src\eskylink.c(107): error:  #20: identifier "ENETDOWN" is undefined
hal\src\eskylink.c(203): warning:  #186-D: pointless comparison of unsigned integer with zero
hal\src\eskylink.c(313): warning:  #191-D: type qualifier is meaningless on cast type
hal\src\eskylink.c - 2 Error(s), 2 Warning(s).
compiling eskylink.c...
hal\src\eskylink.c(205): warning:  #186-D: pointless comparison of unsigned integer with zero
hal\src\eskylink.c - 0 Error(s), 1 Warning(s).
compiling eskylink.c...
hal\src\eskylink.c(205): warning:  #186-D: pointless comparison of unsigned integer with zero
hal\src\eskylink.c - 0 Error(s), 1 Warning(s).
compiling eskylink.c...
hal\src\eskylink.c - 0 Error(s), 0 Warning(s).
compiling radiolink.c...
hal\src\radiolink.c(70): warning:  #223-D: function "vPortYieldFromISR" declared implicitly
hal\src\radiolink.c(85): error:  #20: identifier "ENETDOWN" is undefined
hal\src\radiolink.c(95): error:  #20: identifier "ENETDOWN" is undefined
hal\src\radiolink.c(203): warning:  #167-D: argument of type "void *" is incompatible with parameter of type "pdTASK_HOOK_CODE"
hal\src\radiolink.c(215): warning:  #191-D: type qualifier is meaningless on cast type
hal\src\radiolink.c - 2 Error(s), 3 Warning(s).
compiling radiolink.c...
hal\src\radiolink.c(86): error:  #20: identifier "ENETDOWN" is undefined
hal\src\radiolink.c(96): error:  #20: identifier "ENETDOWN" is undefined
hal\src\radiolink.c(204): warning:  #167-D: argument of type "void *" is incompatible with parameter of type "pdTASK_HOOK_CODE"
hal\src\radiolink.c(216): warning:  #191-D: type qualifier is meaningless on cast type
hal\src\radiolink.c - 2 Error(s), 2 Warning(s).
compiling radiolink.c...
hal\src\radiolink.c(218): warning:  #191-D: type qualifier is meaningless on cast type
hal\src\radiolink.c - 0 Error(s), 1 Warning(s).
compiling radiolink.c...
hal\src\radiolink.c - 0 Error(s), 0 Warning(s).
compiling comm.c...
.\hal\interface\eskylink.h(32): warning:  #1295-D: Deprecated declaration eskylinkInit - give arg types
.\hal\interface\eskylink.h(33): warning:  #1295-D: Deprecated declaration eskylinkTest - give arg types
.\hal\interface\eskylink.h(34): warning:  #1295-D: Deprecated declaration eskylinkGetLink - give arg types
modules\src\comm.c - 0 Error(s), 3 Warning(s).
compiling comm.c...
modules\src\comm.c - 0 Error(s), 0 Warning(s).
compiling system.c...
modules\src\system.c(48): error:  #5: cannot open source input file "stabilizer.h": No such file or directory
modules\src\system.c - 1 Error(s), 0 Warning(s).
compiling log.c...
modules\src\log.c - 0 Error(s), 0 Warning(s).
compiling stabilizer.c...
modules\src\stabilizer.c(189): warning:  #191-D: type qualifier is meaningless on cast type
modules\src\stabilizer.c(212): warning:  #167-D: argument of type "void *" is incompatible with parameter of type "pdTASK_HOOK_CODE"
modules\src\stabilizer.c(221): warning:  #167-D: argument of type "uint32_t *" is incompatible with parameter of type "portTickType *const"
modules\src\stabilizer.c - 0 Error(s), 3 Warning(s).
compiling stabilizer.c...
modules\src\stabilizer.c(221): warning:  #167-D: argument of type "uint32_t *" is incompatible with parameter of type "portTickType *const"
modules\src\stabilizer.c - 0 Error(s), 1 Warning(s).
compiling stabilizer.c...
modules\src\stabilizer.c - 0 Error(s), 0 Warning(s).
compiling pidctrl.c...
.\modules\interface\pidctrl.h(31): warning:  #1295-D: Deprecated declaration pidCtrlInit - give arg types
modules\src\pidctrl.c(43): warning:  #191-D: type qualifier is meaningless on cast type
modules\src\pidctrl.c(45): warning:  #188-D: enumerated type mixed with another type
modules\src\pidctrl.c(74): error:  #20: identifier "TRUE" is undefined
modules\src\pidctrl.c(76): warning:  #188-D: enumerated type mixed with another type
modules\src\pidctrl.c(78): warning:  #188-D: enumerated type mixed with another type
modules\src\pidctrl.c - 1 Error(s), 5 Warning(s).
compiling pidctrl.c...
modules\src\pidctrl.c(45): warning:  #188-D: enumerated type mixed with another type
modules\src\pidctrl.c(76): warning:  #188-D: enumerated type mixed with another type
modules\src\pidctrl.c(78): warning:  #188-D: enumerated type mixed with another type
modules\src\pidctrl.c - 0 Error(s), 3 Warning(s).
compiling pidctrl.c...
modules\src\pidctrl.c(45): warning:  #188-D: enumerated type mixed with another type
modules\src\pidctrl.c(76): warning:  #188-D: enumerated type mixed with another type
modules\src\pidctrl.c - 0 Error(s), 2 Warning(s).
compiling pidctrl.c...
modules\src\pidctrl.c(45): error:  #20: identifier "CRTP_PORT_PIDCTRL" is undefined
modules\src\pidctrl.c(76): error:  #20: identifier "CRTP_PORT_PIDCTRL" is undefined
modules\src\pidctrl.c - 2 Error(s), 0 Warning(s).
compiling pidctrl.c...
modules\src\pidctrl.c - 0 Error(s), 0 Warning(s).
compiling crtp.c...
modules\src\crtp.c - 0 Error(s), 0 Warning(s).
compiling adc.c...
drivers\src\adc.c(212): warning:  #191-D: type qualifier is meaningless on cast type
drivers\src\adc.c(267): warning:  #167-D: argument of type "void *" is incompatible with parameter of type "pdTASK_HOOK_CODE"
drivers\src\adc.c - 0 Error(s), 2 Warning(s).
compiling adc.c...
drivers\src\adc.c - 0 Error(s), 0 Warning(s).
compiling nvic.c...
drivers\src\nvic.c(82): warning:  #223-D: function "asm" declared implicitly
drivers\src\nvic.c(110): warning:  #223-D: function "eprintf" declared implicitly
drivers\src\nvic.c - 0 Error(s), 2 Warning(s).
compiling nvic.c...
drivers\src\nvic.c(112): warning:  #223-D: function "eprintf" declared implicitly
drivers\src\nvic.c - 0 Error(s), 1 Warning(s).
Rebuild target 'uart'
compiling main.c...
compiling misc.c...
compiling stm32f10x_gpio.c...
compiling stm32f10x_rcc.c...
compiling stm32f10x_usart.c...
compiling stm32f10x_dma.c...
compiling stm32f10x_spi.c...
compiling stm32f10x_exti.c...
compiling stm32f10x_adc.c...
compiling stm32f10x_dbgmcu.c...
compiling stm32f10x_flash.c...
compiling stm32f10x_i2c.c...
compiling stm32f10x_iwdg.c...
compiling stm32f10x_tim.c...
compiling exti.c...
compiling nrf24l01.c...
compiling motors.c...
compiling led.c...
compiling i2cdev.c...
compiling i2croutines.c...
compiling mpu6050.c...
compiling ms5611.c...
compiling hmc5883l.c...
compiling adc.c...
compiling nvic.c...
drivers\src\nvic.c(112): warning:  #223-D: function "eprintf" declared implicitly
compiling crtp.c...
compiling console.c...
compiling crtpservice.c...
compiling commander.c...
compiling param.c...
compiling sensfusion6.c...
compiling controller.c...
compiling pid.c...
compiling log.c...
compiling worker.c...
compiling system.c...
modules\src\system.c(200): error:  #260-D: explicit type is missing ("int" assumed)
modules\src\system.c(200): warning:  #1294-D: Old-style function PARAM_GROUP_START
modules\src\system.c(201): error:  #169: expected a declaration
modules\src\system.c(207): warning: At end of source:  #12-D: parsing restarts here after previous syntax error
modules\src\system.c(200): warning:  #1079-D: standard requires that parameter "cpu" be given a type by a subsequent declaration ("int" assumed)
modules\src\system.c(207): error: At end of source:  #130: expected a "{"
modules\src\system.c(207): error: At end of source:  #67: expected a "}"
compiling comm.c...
compiling stabilizer.c...
compiling pidctrl.c...
compiling configblock.c...
compiling cpuid.c...
compiling crc.c...
compiling debug.c...
compiling eprintf.c...
compiling filter.c...
compiling fp16.c...
compiling cfassert.c...
compiling uart.c...
compiling freeRTOSdebug.c...
compiling ledseq.c...
hal\src\ledseq.c(210): warning:  #767-D: conversion from pointer to smaller integer
compiling imu.c...
compiling pm.c...
compiling eskylink.c...
compiling radiolink.c...
assembling startup_stm32f10x_md.s...
compiling list.c...
compiling queue.c...
compiling tasks.c...
compiling timers.c...
compiling heap_4.c...
compiling port.c...
compiling core_cm3.c...
compiling system_stm32f10x.c...
Target not created
compiling param.c...
modules\src\param.c - 0 Error(s), 0 Warning(s).
Rebuild target 'uart'
compiling main.c...
compiling misc.c...
compiling stm32f10x_gpio.c...
compiling stm32f10x_rcc.c...
compiling stm32f10x_usart.c...
compiling stm32f10x_dma.c...
compiling stm32f10x_spi.c...
compiling stm32f10x_exti.c...
compiling stm32f10x_adc.c...
compiling stm32f10x_dbgmcu.c...
compiling stm32f10x_flash.c...
compiling stm32f10x_i2c.c...
compiling stm32f10x_iwdg.c...
compiling stm32f10x_tim.c...
compiling exti.c...
compiling nrf24l01.c...
compiling motors.c...
compiling led.c...
compiling i2cdev.c...
compiling i2croutines.c...
compiling mpu6050.c...
compiling ms5611.c...
compiling hmc5883l.c...
compiling adc.c...
compiling nvic.c...
drivers\src\nvic.c(112): warning:  #223-D: function "eprintf" declared implicitly
compiling crtp.c...
compiling console.c...
compiling crtpservice.c...
compiling commander.c...
compiling param.c...
compiling sensfusion6.c...
compiling controller.c...
compiling pid.c...
compiling log.c...
compiling worker.c...
compiling system.c...
modules\src\system.c(211): error:  #20: identifier "params" is undefined
compiling comm.c...
compiling stabilizer.c...
compiling pidctrl.c...
compiling configblock.c...
compiling cpuid.c...
compiling crc.c...
compiling debug.c...
compiling eprintf.c...
compiling filter.c...
compiling fp16.c...
compiling cfassert.c...
compiling uart.c...
compiling freeRTOSdebug.c...
compiling ledseq.c...
hal\src\ledseq.c(210): warning:  #767-D: conversion from pointer to smaller integer
compiling imu.c...
compiling pm.c...
compiling eskylink.c...
compiling radiolink.c...
assembling startup_stm32f10x_md.s...
compiling list.c...
compiling queue.c...
compiling tasks.c...
compiling timers.c...
compiling heap_4.c...
compiling port.c...
compiling core_cm3.c...
compiling system_stm32f10x.c...
Target not created
compiling system.c...
modules\src\system.c(223): error:  #20: identifier "params" is undefined
modules\src\system.c - 1 Error(s), 0 Warning(s).
compiling system.c...
modules\src\system.c(228): error:  #513: a value of type "int" cannot be assigned to an entity of type "void *"
modules\src\system.c(231): error:  #513: a value of type "int" cannot be assigned to an entity of type "void *"
modules\src\system.c(234): error:  #513: a value of type "int" cannot be assigned to an entity of type "void *"
modules\src\system.c(237): error:  #513: a value of type "int" cannot be assigned to an entity of type "void *"
modules\src\system.c - 4 Error(s), 0 Warning(s).
compiling system.c...
modules\src\system.c - 0 Error(s), 0 Warning(s).
Rebuild target 'uart'
compiling main.c...
compiling misc.c...
compiling stm32f10x_gpio.c...
compiling stm32f10x_rcc.c...
compiling stm32f10x_usart.c...
compiling stm32f10x_dma.c...
compiling stm32f10x_spi.c...
compiling stm32f10x_exti.c...
compiling stm32f10x_adc.c...
compiling stm32f10x_dbgmcu.c...
compiling stm32f10x_flash.c...
compiling stm32f10x_i2c.c...
compiling stm32f10x_iwdg.c...
compiling stm32f10x_tim.c...
compiling exti.c...
compiling nrf24l01.c...
compiling motors.c...
compiling led.c...
compiling i2cdev.c...
compiling i2croutines.c...
compiling mpu6050.c...
compiling ms5611.c...
compiling hmc5883l.c...
compiling adc.c...
compiling nvic.c...
drivers\src\nvic.c(112): warning:  #223-D: function "eprintf" declared implicitly
compiling crtp.c...
compiling console.c...
compiling crtpservice.c...
compiling commander.c...
compiling param.c...
compiling sensfusion6.c...
compiling controller.c...
compiling pid.c...
compiling log.c...
compiling worker.c...
compiling system.c...
compiling comm.c...
compiling stabilizer.c...
compiling pidctrl.c...
compiling configblock.c...
compiling cpuid.c...
compiling crc.c...
compiling debug.c...
compiling eprintf.c...
compiling filter.c...
compiling fp16.c...
compiling cfassert.c...
compiling uart.c...
compiling freeRTOSdebug.c...
compiling ledseq.c...
hal\src\ledseq.c(210): warning:  #767-D: conversion from pointer to smaller integer
compiling imu.c...
compiling pm.c...
compiling eskylink.c...
compiling radiolink.c...
assembling startup_stm32f10x_md.s...
compiling list.c...
compiling queue.c...
compiling tasks.c...
compiling timers.c...
compiling heap_4.c...
compiling port.c...
compiling core_cm3.c...
compiling system_stm32f10x.c...
linking...
.\bin\uart.axf: Error: L6200E: Symbol dataRdy multiply defined (by radiolink.o and eskylink.o).
.\bin\uart.axf: Error: L6200E: Symbol rxQueue multiply defined (by radiolink.o and eskylink.o).
Target not created
Rebuild target 'uart'
compiling main.c...
compiling misc.c...
compiling stm32f10x_gpio.c...
compiling stm32f10x_rcc.c...
compiling stm32f10x_usart.c...
compiling stm32f10x_dma.c...
compiling stm32f10x_spi.c...
compiling stm32f10x_exti.c...
compiling stm32f10x_adc.c...
compiling stm32f10x_dbgmcu.c...
compiling stm32f10x_flash.c...
compiling stm32f10x_i2c.c...
compiling stm32f10x_iwdg.c...
compiling stm32f10x_tim.c...
compiling exti.c...
compiling nrf24l01.c...
compiling motors.c...
compiling led.c...
compiling i2cdev.c...
compiling i2croutines.c...
compiling mpu6050.c...
compiling ms5611.c...
compiling hmc5883l.c...
compiling adc.c...
compiling nvic.c...
drivers\src\nvic.c(112): warning:  #223-D: function "eprintf" declared implicitly
compiling crtp.c...
compiling console.c...
compiling crtpservice.c...
compiling commander.c...
compiling param.c...
compiling sensfusion6.c...
compiling controller.c...
compiling pid.c...
compiling log.c...
compiling worker.c...
compiling system.c...
compiling comm.c...
compiling stabilizer.c...
compiling pidctrl.c...
compiling configblock.c...
compiling cpuid.c...
compiling crc.c...
compiling debug.c...
compiling eprintf.c...
compiling filter.c...
compiling fp16.c...
compiling cfassert.c...
compiling uart.c...
compiling freeRTOSdebug.c...
compiling ledseq.c...
hal\src\ledseq.c(210): warning:  #767-D: conversion from pointer to smaller integer
compiling imu.c...
compiling pm.c...
compiling radiolink.c...
assembling startup_stm32f10x_md.s...
compiling list.c...
compiling queue.c...
compiling tasks.c...
compiling timers.c...
compiling heap_4.c...
compiling port.c...
compiling core_cm3.c...
compiling system_stm32f10x.c...
linking...
.\bin\uart.axf: Error: L6218E: Undefined symbol V_MODIFIED (referred from system.o).
.\bin\uart.axf: Error: L6218E: Undefined symbol V_SLOCAL_REVISION (referred from system.o).
.\bin\uart.axf: Error: L6218E: Undefined symbol V_SREVISION (referred from system.o).
.\bin\uart.axf: Error: L6218E: Undefined symbol V_STAG (referred from system.o).
Target not created
compiling system.c...
modules\src\system.c - 0 Error(s), 0 Warning(s).
Rebuild target 'uart'
compiling main.c...
compiling misc.c...
compiling stm32f10x_gpio.c...
compiling stm32f10x_rcc.c...
compiling stm32f10x_usart.c...
compiling stm32f10x_dma.c...
compiling stm32f10x_spi.c...
compiling stm32f10x_exti.c...
compiling stm32f10x_adc.c...
compiling stm32f10x_dbgmcu.c...
compiling stm32f10x_flash.c...
compiling stm32f10x_i2c.c...
compiling stm32f10x_iwdg.c...
compiling stm32f10x_tim.c...
compiling exti.c...
compiling nrf24l01.c...
compiling motors.c...
compiling led.c...
compiling i2cdev.c...
compiling i2croutines.c...
compiling mpu6050.c...
compiling ms5611.c...
compiling hmc5883l.c...
compiling adc.c...
compiling nvic.c...
drivers\src\nvic.c(112): warning:  #223-D: function "eprintf" declared implicitly
compiling crtp.c...
compiling console.c...
compiling crtpservice.c...
compiling commander.c...
compiling param.c...
compiling sensfusion6.c...
compiling controller.c...
compiling pid.c...
compiling log.c...
compiling worker.c...
compiling system.c...
compiling comm.c...
compiling stabilizer.c...
compiling pidctrl.c...
compiling configblock.c...
compiling cpuid.c...
compiling crc.c...
compiling debug.c...
compiling eprintf.c...
compiling filter.c...
compiling fp16.c...
compiling cfassert.c...
compiling uart.c...
compiling freeRTOSdebug.c...
compiling ledseq.c...
hal\src\ledseq.c(210): warning:  #767-D: conversion from pointer to smaller integer
compiling imu.c...
compiling pm.c...
compiling radiolink.c...
assembling startup_stm32f10x_md.s...
compiling list.c...
compiling queue.c...
compiling tasks.c...
compiling timers.c...
compiling heap_4.c...
compiling port.c...
compiling core_cm3.c...
compiling system_stm32f10x.c...
linking...
Program Size: Code=9732 RO-data=420 RW-data=268 ZI-data=16356  
FromELF: creating hex file...
".\bin\uart.axf" - 0 Error(s), 2 Warning(s).
compiling main.c...
init\main.c(62): warning:  #111-D: statement is unreachable
init\main.c - 0 Error(s), 1 Warning(s).
compiling main.c...
init\main.c - 0 Error(s), 0 Warning(s).
Rebuild target 'uart'
compiling main.c...
compiling misc.c...
compiling stm32f10x_gpio.c...
compiling stm32f10x_rcc.c...
compiling stm32f10x_usart.c...
compiling stm32f10x_dma.c...
compiling stm32f10x_spi.c...
compiling stm32f10x_exti.c...
compiling stm32f10x_adc.c...
compiling stm32f10x_dbgmcu.c...
compiling stm32f10x_flash.c...
compiling stm32f10x_i2c.c...
compiling stm32f10x_iwdg.c...
compiling stm32f10x_tim.c...
compiling exti.c...
compiling nrf24l01.c...
compiling motors.c...
compiling led.c...
compiling i2cdev.c...
compiling i2croutines.c...
compiling mpu6050.c...
compiling ms5611.c...
compiling hmc5883l.c...
compiling adc.c...
compiling nvic.c...
drivers\src\nvic.c(112): warning:  #223-D: function "eprintf" declared implicitly
compiling crtp.c...
compiling console.c...
compiling crtpservice.c...
compiling commander.c...
compiling param.c...
compiling sensfusion6.c...
compiling controller.c...
compiling pid.c...
compiling log.c...
compiling worker.c...
compiling system.c...
compiling comm.c...
compiling stabilizer.c...
compiling pidctrl.c...
compiling configblock.c...
compiling cpuid.c...
compiling crc.c...
compiling debug.c...
compiling eprintf.c...
compiling filter.c...
compiling fp16.c...
compiling cfassert.c...
compiling uart.c...
compiling freeRTOSdebug.c...
compiling ledseq.c...
hal\src\ledseq.c(210): warning:  #767-D: conversion from pointer to smaller integer
compiling imu.c...
compiling pm.c...
compiling radiolink.c...
assembling startup_stm32f10x_md.s...
compiling list.c...
compiling queue.c...
compiling tasks.c...
compiling timers.c...
compiling heap_4.c...
compiling port.c...
compiling core_cm3.c...
compiling system_stm32f10x.c...
linking...
.\bin\uart.axf: Error: L6406E: No space in execution regions with .ANY selector matching imu.o(.data).
.\bin\uart.axf: Error: L6406E: No space in execution regions with .ANY selector matching tasks.o(.data).
.\bin\uart.axf: Error: L6406E: No space in execution regions with .ANY selector matching i2croutines.o(.bss).
.\bin\uart.axf: Error: L6406E: No space in execution regions with .ANY selector matching uart.o(.data).
.\bin\uart.axf: Error: L6406E: No space in execution regions with .ANY selector matching timers.o(.bss).
.\bin\uart.axf: Error: L6406E: No space in execution regions with .ANY selector matching sensfusion6.o(.data).
.\bin\uart.axf: Error: L6406E: No space in execution regions with .ANY selector matching radiolink.o(.bss).
.\bin\uart.axf: Error: L6406E: No space in execution regions with .ANY selector matching crtp.o(.data).
.\bin\uart.axf: Error: L6406E: No space in execution regions with .ANY selector matching console.o(.bss).
.\bin\uart.axf: Error: L6406E: No space in execution regions with .ANY selector matching mpu6050.o(.bss).
.\bin\uart.axf: Error: L6406E: No space in execution regions with .ANY selector matching pm.o(.data).
.\bin\uart.axf: Error: L6406E: No space in execution regions with .ANY selector matching radiolink.o(.data).
.\bin\uart.axf: Error: L6406E: No space in execution regions with .ANY selector matching led.o(.data).
.\bin\uart.axf: Error: L6406E: No space in execution regions with .ANY selector matching commander.o(.bss).
.\bin\uart.axf: Error: L6406E: No space in execution regions with .ANY selector matching ms5611.o(.data).
.\bin\uart.axf: Error: L6406E: No space in execution regions with .ANY selector matching log.o(.data).
.\bin\uart.axf: Error: L6406E: No space in execution regions with .ANY selector matching stabilizer.o(.bss).
.\bin\uart.axf: Error: L6406E: No space in execution regions with .ANY selector matching stm32f10x_rcc.o(.data).
.\bin\uart.axf: Error: L6406E: No space in execution regions with .ANY selector matching i2cdev.o(.data).
.\bin\uart.axf: Error: L6406E: No space in execution regions with .ANY selector matching param.o(.data).
.\bin\uart.axf: Error: L6406E: No space in execution regions with .ANY selector matching i2cdev.o(.bss).
.\bin\uart.axf: Error: L6406E: No space in execution regions with .ANY selector matching i2croutines.o(.data).
.\bin\uart.axf: Error: L6406E: No space in execution regions with .ANY selector matching heap_4.o(.data).
.\bin\uart.axf: Error: L6406E: No space in execution regions with .ANY selector matching hmc5883l.o(.data).
.\bin\uart.axf: Error: L6406E: No space in execution regions with .ANY selector matching ms5611.o(.bss).
.\bin\uart.axf: Error: L6406E: No space in execution regions with .ANY selector matching commander.o(.data).
.\bin\uart.axf: Error: L6406E: No space in execution regions with .ANY selector matching mpu6050.o(.data).
.\bin\uart.axf: Error: L6406E: No space in execution regions with .ANY selector matching adc.o(.data).
.\bin\uart.axf: Error: L6406E: No space in execution regions with .ANY selector matching system.o(.data).
.\bin\uart.axf: Error: L6406E: No space in execution regions with .ANY selector matching configblock.o(.data).
.\bin\uart.axf: Error: L6406E: No space in execution regions with .ANY selector matching controller.o(.data).
.\bin\uart.axf: Error: L6406E: No space in execution regions with .ANY selector matching nrf24l01.o(.data).
.\bin\uart.axf: Error: L6406E: No space in execution regions with .ANY selector matching console.o(.data).
.\bin\uart.axf: Error: L6406E: No space in execution regions with .ANY selector matching worker.o(.data).
.\bin\uart.axf: Error: L6406E: No space in execution regions with .ANY selector matching freertosdebug.o(.data).
.\bin\uart.axf: Error: L6406E: No space in execution regions with .ANY selector matching port.o(.data).
.\bin\uart.axf: Error: L6406E: No space in execution regions with .ANY selector matching errno.o(.data).
.\bin\uart.axf: Error: L6406E: No space in execution regions with .ANY selector matching exti.o(.data).
.\bin\uart.axf: Error: L6406E: No space in execution regions with .ANY selector matching motors.o(.data).
.\bin\uart.axf: Error: L6406E: No space in execution regions with .ANY selector matching crtpservice.o(.data).
.\bin\uart.axf: Error: L6406E: No space in execution regions with .ANY selector matching comm.o(.data).
.\bin\uart.axf: Error: L6407E: Sections of aggregate size 0x35c bytes could not fit into .ANY selector(s).
Target not created
Rebuild target 'uart'
compiling main.c...
compiling misc.c...
compiling stm32f10x_gpio.c...
compiling stm32f10x_rcc.c...
compiling stm32f10x_usart.c...
compiling stm32f10x_dma.c...
compiling stm32f10x_spi.c...
compiling stm32f10x_exti.c...
compiling stm32f10x_adc.c...
compiling stm32f10x_dbgmcu.c...
compiling stm32f10x_flash.c...
compiling stm32f10x_i2c.c...
compiling stm32f10x_iwdg.c...
compiling stm32f10x_tim.c...
compiling exti.c...
compiling nrf24l01.c...
compiling motors.c...
compiling led.c...
compiling i2cdev.c...
compiling i2croutines.c...
compiling mpu6050.c...
compiling ms5611.c...
compiling hmc5883l.c...
compiling adc.c...
compiling nvic.c...
drivers\src\nvic.c(112): warning:  #223-D: function "eprintf" declared implicitly
compiling crtp.c...
compiling console.c...
compiling crtpservice.c...
compiling commander.c...
compiling param.c...
compiling sensfusion6.c...
compiling controller.c...
compiling pid.c...
compiling log.c...
compiling worker.c...
compiling system.c...
compiling comm.c...
compiling stabilizer.c...
compiling pidctrl.c...
compiling configblock.c...
compiling cpuid.c...
compiling crc.c...
compiling debug.c...
compiling eprintf.c...
compiling filter.c...
compiling fp16.c...
compiling cfassert.c...
compiling uart.c...
compiling freeRTOSdebug.c...
compiling ledseq.c...
hal\src\ledseq.c(210): warning:  #767-D: conversion from pointer to smaller integer
compiling imu.c...
compiling pm.c...
compiling radiolink.c...
assembling startup_stm32f10x_md.s...
compiling list.c...
compiling queue.c...
compiling tasks.c...
compiling timers.c...
compiling heap_4.c...
compiling port.c...
compiling core_cm3.c...
compiling system_stm32f10x.c...
linking...
.\bin\uart.axf: Error: L6406E: No space in execution regions with .ANY selector matching timers.o(.bss).
.\bin\uart.axf: Error: L6406E: No space in execution regions with .ANY selector matching uart.o(.data).
.\bin\uart.axf: Error: L6406E: No space in execution regions with .ANY selector matching radiolink.o(.bss).
.\bin\uart.axf: Error: L6406E: No space in execution regions with .ANY selector matching crtp.o(.data).
.\bin\uart.axf: Error: L6406E: No space in execution regions with .ANY selector matching console.o(.bss).
.\bin\uart.axf: Error: L6406E: No space in execution regions with .ANY selector matching pm.o(.data).
.\bin\uart.axf: Error: L6406E: No space in execution regions with .ANY selector matching mpu6050.o(.bss).
.\bin\uart.axf: Error: L6406E: No space in execution regions with .ANY selector matching led.o(.data).
.\bin\uart.axf: Error: L6406E: No space in execution regions with .ANY selector matching commander.o(.bss).
.\bin\uart.axf: Error: L6406E: No space in execution regions with .ANY selector matching radiolink.o(.data).
.\bin\uart.axf: Error: L6406E: No space in execution regions with .ANY selector matching log.o(.data).
.\bin\uart.axf: Error: L6406E: No space in execution regions with .ANY selector matching stabilizer.o(.bss).
.\bin\uart.axf: Error: L6406E: No space in execution regions with .ANY selector matching ledseq.o(.data).
.\bin\uart.axf: Error: L6406E: No space in execution regions with .ANY selector matching ledseq.o(.data).
.\bin\uart.axf: Error: L6406E: No space in execution regions with .ANY selector matching ledseq.o(.data).
.\bin\uart.axf: Error: L6406E: No space in execution regions with .ANY selector matching ledseq.o(.data).
.\bin\uart.axf: Error: L6406E: No space in execution regions with .ANY selector matching ledseq.o(.data).
.\bin\uart.axf: Error: L6406E: No space in execution regions with .ANY selector matching ledseq.o(.data).
.\bin\uart.axf: Error: L6406E: No space in execution regions with .ANY selector matching stm32f10x_rcc.o(.data).
.\bin\uart.axf: Error: L6406E: No space in execution regions with .ANY selector matching ms5611.o(.data).
.\bin\uart.axf: Error: L6406E: No space in execution regions with .ANY selector matching param.o(.data).
.\bin\uart.axf: Error: L6406E: No space in execution regions with .ANY selector matching i2cdev.o(.bss).
.\bin\uart.axf: Error: L6406E: No space in execution regions with .ANY selector matching i2croutines.o(.data).
.\bin\uart.axf: Error: L6406E: No space in execution regions with .ANY selector matching ledseq.o(.data).
.\bin\uart.axf: Error: L6406E: No space in execution regions with .ANY selector matching ledseq.o(.data).
.\bin\uart.axf: Error: L6406E: No space in execution regions with .ANY selector matching timers.o(.data).
.\bin\uart.axf: Error: L6406E: No space in execution regions with .ANY selector matching heap_4.o(.data).
.\bin\uart.axf: Error: L6406E: No space in execution regions with .ANY selector matching hmc5883l.o(.data).
.\bin\uart.axf: Error: L6406E: No space in execution regions with .ANY selector matching commander.o(.data).
.\bin\uart.axf: Error: L6406E: No space in execution regions with .ANY selector matching nrf24l01.o(.data).
.\bin\uart.axf: Error: L6406E: No space in execution regions with .ANY selector matching i2cdev.o(.data).
.\bin\uart.axf: Error: L6406E: No space in execution regions with .ANY selector matching mpu6050.o(.data).
.\bin\uart.axf: Error: L6406E: No space in execution regions with .ANY selector matching adc.o(.data).
.\bin\uart.axf: Error: L6406E: No space in execution regions with .ANY selector matching console.o(.data).
.\bin\uart.axf: Error: L6406E: No space in execution regions with .ANY selector matching controller.o(.data).
.\bin\uart.axf: Error: L6406E: No space in execution regions with .ANY selector matching system.o(.data).
.\bin\uart.axf: Error: L6406E: No space in execution regions with .ANY selector matching configblock.o(.data).
.\bin\uart.axf: Error: L6406E: No space in execution regions with .ANY selector matching i2cdev.o(.data).
.\bin\uart.axf: Error: L6406E: No space in execution regions with .ANY selector matching i2cdev.o(.data).
.\bin\uart.axf: Error: L6406E: No space in execution regions with .ANY selector matching worker.o(.data).
.\bin\uart.axf: Error: L6406E: No space in execution regions with .ANY selector matching freertosdebug.o(.data).
.\bin\uart.axf: Error: L6406E: No space in execution regions with .ANY selector matching port.o(.data).
.\bin\uart.axf: Error: L6406E: No space in execution regions with .ANY selector matching errno.o(.data).
.\bin\uart.axf: Error: L6406E: No space in execution regions with .ANY selector matching exti.o(.data).
.\bin\uart.axf: Error: L6406E: No space in execution regions with .ANY selector matching motors.o(.data).
.\bin\uart.axf: Error: L6406E: No space in execution regions with .ANY selector matching crtpservice.o(.data).
.\bin\uart.axf: Error: L6406E: No space in execution regions with .ANY selector matching comm.o(.data).
.\bin\uart.axf: Error: L6407E: Sections of aggregate size 0x328 bytes could not fit into .ANY selector(s).
Target not created
Rebuild target 'uart'
compiling main.c...
compiling misc.c...
compiling stm32f10x_gpio.c...
compiling stm32f10x_rcc.c...
compiling stm32f10x_usart.c...
compiling stm32f10x_dma.c...
compiling stm32f10x_spi.c...
compiling stm32f10x_exti.c...
compiling stm32f10x_adc.c...
compiling stm32f10x_dbgmcu.c...
compiling stm32f10x_flash.c...
compiling stm32f10x_i2c.c...
compiling stm32f10x_iwdg.c...
compiling stm32f10x_tim.c...
compiling exti.c...
compiling nrf24l01.c...
compiling motors.c...
compiling led.c...
compiling i2cdev.c...
compiling i2croutines.c...
compiling mpu6050.c...
compiling ms5611.c...
compiling hmc5883l.c...
compiling adc.c...
compiling nvic.c...
drivers\src\nvic.c(112): warning:  #223-D: function "eprintf" declared implicitly
compiling crtp.c...
compiling console.c...
compiling crtpservice.c...
compiling commander.c...
compiling param.c...
compiling sensfusion6.c...
compiling controller.c...
compiling pid.c...
compiling log.c...
compiling worker.c...
compiling system.c...
compiling comm.c...
compiling stabilizer.c...
compiling pidctrl.c...
compiling configblock.c...
compiling cpuid.c...
compiling crc.c...
compiling debug.c...
compiling eprintf.c...
compiling filter.c...
compiling fp16.c...
compiling cfassert.c...
compiling uart.c...
compiling freeRTOSdebug.c...
compiling ledseq.c...
hal\src\ledseq.c(210): warning:  #767-D: conversion from pointer to smaller integer
compiling imu.c...
compiling pm.c...
compiling radiolink.c...
assembling startup_stm32f10x_md.s...
compiling list.c...
compiling queue.c...
compiling tasks.c...
compiling timers.c...
compiling heap_4.c...
compiling port.c...
compiling core_cm3.c...
compiling system_stm32f10x.c...
linking...
Program Size: Code=42644 RO-data=1092 RW-data=1024 ZI-data=20304  
FromELF: creating hex file...
".\bin\uart.axf" - 0 Error(s), 2 Warning(s).
Rebuild target 'uart'
compiling main.c...
compiling misc.c...
compiling stm32f10x_gpio.c...
compiling stm32f10x_rcc.c...
compiling stm32f10x_usart.c...
compiling stm32f10x_dma.c...
compiling stm32f10x_spi.c...
compiling stm32f10x_exti.c...
compiling stm32f10x_adc.c...
compiling stm32f10x_dbgmcu.c...
compiling stm32f10x_flash.c...
compiling stm32f10x_i2c.c...
compiling stm32f10x_iwdg.c...
compiling stm32f10x_tim.c...
compiling exti.c...
compiling nrf24l01.c...
compiling motors.c...
compiling led.c...
compiling i2cdev.c...
compiling i2croutines.c...
compiling mpu6050.c...
compiling ms5611.c...
compiling hmc5883l.c...
compiling adc.c...
compiling nvic.c...
drivers\src\nvic.c(112): warning:  #223-D: function "eprintf" declared implicitly
compiling crtp.c...
compiling console.c...
compiling crtpservice.c...
compiling commander.c...
compiling param.c...
compiling sensfusion6.c...
compiling controller.c...
compiling pid.c...
compiling log.c...
compiling worker.c...
compiling system.c...
compiling comm.c...
compiling stabilizer.c...
compiling pidctrl.c...
compiling configblock.c...
compiling cpuid.c...
compiling crc.c...
compiling debug.c...
compiling eprintf.c...
compiling filter.c...
compiling fp16.c...
compiling cfassert.c...
compiling uart.c...
compiling freeRTOSdebug.c...
compiling ledseq.c...
hal\src\ledseq.c(210): warning:  #767-D: conversion from pointer to smaller integer
compiling imu.c...
compiling pm.c...
compiling radiolink.c...
assembling startup_stm32f10x_md.s...
compiling list.c...
compiling queue.c...
compiling tasks.c...
compiling timers.c...
compiling heap_4.c...
compiling port.c...
compiling core_cm3.c...
compiling system_stm32f10x.c...
linking...
.\bin\uart.axf: Error: L6406E: No space in execution regions with .ANY selector matching imu.o(.data).
.\bin\uart.axf: Error: L6406E: No space in execution regions with .ANY selector matching tasks.o(.data).
.\bin\uart.axf: Error: L6406E: No space in execution regions with .ANY selector matching i2croutines.o(.bss).
.\bin\uart.axf: Error: L6406E: No space in execution regions with .ANY selector matching uart.o(.data).
.\bin\uart.axf: Error: L6406E: No space in execution regions with .ANY selector matching timers.o(.bss).
.\bin\uart.axf: Error: L6406E: No space in execution regions with .ANY selector matching sensfusion6.o(.data).
.\bin\uart.axf: Error: L6406E: No space in execution regions with .ANY selector matching radiolink.o(.bss).
.\bin\uart.axf: Error: L6406E: No space in execution regions with .ANY selector matching crtp.o(.data).
.\bin\uart.axf: Error: L6406E: No space in execution regions with .ANY selector matching console.o(.bss).
.\bin\uart.axf: Error: L6406E: No space in execution regions with .ANY selector matching mpu6050.o(.bss).
.\bin\uart.axf: Error: L6406E: No space in execution regions with .ANY selector matching pm.o(.data).
.\bin\uart.axf: Error: L6406E: No space in execution regions with .ANY selector matching radiolink.o(.data).
.\bin\uart.axf: Error: L6406E: No space in execution regions with .ANY selector matching led.o(.data).
.\bin\uart.axf: Error: L6406E: No space in execution regions with .ANY selector matching commander.o(.bss).
.\bin\uart.axf: Error: L6406E: No space in execution regions with .ANY selector matching ms5611.o(.data).
.\bin\uart.axf: Error: L6406E: No space in execution regions with .ANY selector matching log.o(.data).
.\bin\uart.axf: Error: L6406E: No space in execution regions with .ANY selector matching stabilizer.o(.bss).
.\bin\uart.axf: Error: L6406E: No space in execution regions with .ANY selector matching stm32f10x_rcc.o(.data).
.\bin\uart.axf: Error: L6406E: No space in execution regions with .ANY selector matching i2cdev.o(.data).
.\bin\uart.axf: Error: L6406E: No space in execution regions with .ANY selector matching param.o(.data).
.\bin\uart.axf: Error: L6406E: No space in execution regions with .ANY selector matching i2cdev.o(.bss).
.\bin\uart.axf: Error: L6406E: No space in execution regions with .ANY selector matching i2croutines.o(.data).
.\bin\uart.axf: Error: L6406E: No space in execution regions with .ANY selector matching heap_4.o(.data).
.\bin\uart.axf: Error: L6406E: No space in execution regions with .ANY selector matching hmc5883l.o(.data).
.\bin\uart.axf: Error: L6406E: No space in execution regions with .ANY selector matching ms5611.o(.bss).
.\bin\uart.axf: Error: L6406E: No space in execution regions with .ANY selector matching commander.o(.data).
.\bin\uart.axf: Error: L6406E: No space in execution regions with .ANY selector matching mpu6050.o(.data).
.\bin\uart.axf: Error: L6406E: No space in execution regions with .ANY selector matching adc.o(.data).
.\bin\uart.axf: Error: L6406E: No space in execution regions with .ANY selector matching system.o(.data).
.\bin\uart.axf: Error: L6406E: No space in execution regions with .ANY selector matching configblock.o(.data).
.\bin\uart.axf: Error: L6406E: No space in execution regions with .ANY selector matching controller.o(.data).
.\bin\uart.axf: Error: L6406E: No space in execution regions with .ANY selector matching nrf24l01.o(.data).
.\bin\uart.axf: Error: L6406E: No space in execution regions with .ANY selector matching console.o(.data).
.\bin\uart.axf: Error: L6406E: No space in execution regions with .ANY selector matching worker.o(.data).
.\bin\uart.axf: Error: L6406E: No space in execution regions with .ANY selector matching freertosdebug.o(.data).
.\bin\uart.axf: Error: L6406E: No space in execution regions with .ANY selector matching port.o(.data).
.\bin\uart.axf: Error: L6406E: No space in execution regions with .ANY selector matching errno.o(.data).
.\bin\uart.axf: Error: L6406E: No space in execution regions with .ANY selector matching exti.o(.data).
.\bin\uart.axf: Error: L6406E: No space in execution regions with .ANY selector matching motors.o(.data).
.\bin\uart.axf: Error: L6406E: No space in execution regions with .ANY selector matching crtpservice.o(.data).
.\bin\uart.axf: Error: L6406E: No space in execution regions with .ANY selector matching comm.o(.data).
.\bin\uart.axf: Error: L6407E: Sections of aggregate size 0x358 bytes could not fit into .ANY selector(s).
Target not created
Rebuild target 'uart'
compiling main.c...
compiling misc.c...
compiling stm32f10x_gpio.c...
compiling stm32f10x_rcc.c...
compiling stm32f10x_usart.c...
compiling stm32f10x_dma.c...
compiling stm32f10x_spi.c...
compiling stm32f10x_exti.c...
compiling stm32f10x_adc.c...
compiling stm32f10x_dbgmcu.c...
compiling stm32f10x_flash.c...
compiling stm32f10x_i2c.c...
compiling stm32f10x_iwdg.c...
compiling stm32f10x_tim.c...
compiling exti.c...
compiling nrf24l01.c...
compiling motors.c...
compiling led.c...
compiling i2cdev.c...
compiling i2croutines.c...
compiling mpu6050.c...
compiling ms5611.c...
compiling hmc5883l.c...
compiling adc.c...
compiling nvic.c...
drivers\src\nvic.c(112): warning:  #223-D: function "eprintf" declared implicitly
compiling crtp.c...
compiling console.c...
compiling crtpservice.c...
compiling commander.c...
compiling param.c...
compiling sensfusion6.c...
compiling controller.c...
compiling pid.c...
compiling log.c...
compiling worker.c...
compiling system.c...
compiling comm.c...
compiling stabilizer.c...
compiling pidctrl.c...
compiling configblock.c...
compiling cpuid.c...
compiling crc.c...
compiling debug.c...
compiling eprintf.c...
compiling filter.c...
compiling fp16.c...
compiling cfassert.c...
compiling uart.c...
compiling freeRTOSdebug.c...
compiling ledseq.c...
hal\src\ledseq.c(210): warning:  #767-D: conversion from pointer to smaller integer
compiling imu.c...
compiling pm.c...
compiling radiolink.c...
assembling startup_stm32f10x_md.s...
compiling list.c...
compiling queue.c...
compiling tasks.c...
compiling timers.c...
compiling heap_4.c...
compiling port.c...
compiling core_cm3.c...
compiling system_stm32f10x.c...
linking...
Program Size: Code=42644 RO-data=1092 RW-data=1024 ZI-data=20304  
FromELF: creating hex file...
".\bin\uart.axf" - 0 Error(s), 2 Warning(s).
Rebuild target 'uart'
compiling main.c...
compiling misc.c...
compiling stm32f10x_gpio.c...
compiling stm32f10x_rcc.c...
compiling stm32f10x_usart.c...
compiling stm32f10x_dma.c...
compiling stm32f10x_spi.c...
compiling stm32f10x_exti.c...
compiling stm32f10x_adc.c...
compiling stm32f10x_dbgmcu.c...
compiling stm32f10x_flash.c...
compiling stm32f10x_i2c.c...
compiling stm32f10x_iwdg.c...
compiling stm32f10x_tim.c...
compiling exti.c...
compiling nrf24l01.c...
compiling motors.c...
compiling led.c...
compiling i2cdev.c...
compiling i2croutines.c...
compiling mpu6050.c...
compiling ms5611.c...
compiling hmc5883l.c...
compiling adc.c...
compiling nvic.c...
drivers\src\nvic.c(112): warning:  #223-D: function "eprintf" declared implicitly
compiling crtp.c...
compiling console.c...
compiling crtpservice.c...
compiling commander.c...
compiling param.c...
compiling sensfusion6.c...
compiling controller.c...
compiling pid.c...
compiling log.c...
compiling worker.c...
compiling system.c...
compiling comm.c...
compiling stabilizer.c...
compiling pidctrl.c...
compiling configblock.c...
compiling cpuid.c...
compiling crc.c...
compiling debug.c...
compiling eprintf.c...
compiling filter.c...
compiling fp16.c...
compiling cfassert.c...
compiling uart.c...
compiling freeRTOSdebug.c...
compiling ledseq.c...
hal\src\ledseq.c(210): warning:  #767-D: conversion from pointer to smaller integer
compiling imu.c...
compiling pm.c...
compiling radiolink.c...
assembling startup_stm32f10x_md.s...
compiling list.c...
compiling queue.c...
compiling tasks.c...
compiling timers.c...
compiling heap_4.c...
compiling port.c...
compiling core_cm3.c...
compiling system_stm32f10x.c...
linking...
Program Size: Code=46660 RO-data=1228 RW-data=1020 ZI-data=20916  
FromELF: creating hex file...
".\bin\uart.axf" - 0 Error(s), 2 Warning(s).
Rebuild target 'uart'
compiling main.c...
compiling misc.c...
compiling stm32f10x_gpio.c...
compiling stm32f10x_rcc.c...
compiling stm32f10x_usart.c...
compiling stm32f10x_dma.c...
compiling stm32f10x_spi.c...
compiling stm32f10x_exti.c...
compiling stm32f10x_adc.c...
compiling stm32f10x_dbgmcu.c...
compiling stm32f10x_flash.c...
compiling stm32f10x_i2c.c...
compiling stm32f10x_iwdg.c...
compiling stm32f10x_tim.c...
compiling exti.c...
compiling nrf24l01.c...
compiling motors.c...
compiling led.c...
compiling i2cdev.c...
compiling i2croutines.c...
compiling mpu6050.c...
compiling ms5611.c...
compiling hmc5883l.c...
compiling adc.c...
compiling nvic.c...
drivers\src\nvic.c(112): warning:  #223-D: function "eprintf" declared implicitly
compiling crtp.c...
compiling console.c...
compiling crtpservice.c...
compiling commander.c...
compiling param.c...
compiling sensfusion6.c...
compiling controller.c...
compiling pid.c...
compiling log.c...
compiling worker.c...
compiling system.c...
compiling comm.c...
compiling stabilizer.c...
compiling pidctrl.c...
compiling configblock.c...
compiling cpuid.c...
compiling crc.c...
compiling debug.c...
compiling eprintf.c...
compiling filter.c...
compiling fp16.c...
compiling cfassert.c...
compiling uart.c...
compiling freeRTOSdebug.c...
compiling ledseq.c...
hal\src\ledseq.c(210): warning:  #767-D: conversion from pointer to smaller integer
compiling imu.c...
compiling pm.c...
compiling radiolink.c...
assembling startup_stm32f10x_md.s...
compiling list.c...
compiling queue.c...
compiling tasks.c...
compiling timers.c...
compiling heap_4.c...
compiling port.c...
compiling core_cm3.c...
compiling system_stm32f10x.c...
linking...
Program Size: Code=42644 RO-data=1092 RW-data=1024 ZI-data=20304  
FromELF: creating hex file...
".\bin\uart.axf" - 0 Error(s), 2 Warning(s).
Rebuild target 'uart'
compiling main.c...
compiling misc.c...
compiling stm32f10x_gpio.c...
compiling stm32f10x_rcc.c...
compiling stm32f10x_usart.c...
compiling stm32f10x_dma.c...
compiling stm32f10x_spi.c...
compiling stm32f10x_exti.c...
compiling stm32f10x_adc.c...
compiling stm32f10x_dbgmcu.c...
compiling stm32f10x_flash.c...
compiling stm32f10x_i2c.c...
compiling stm32f10x_iwdg.c...
compiling stm32f10x_tim.c...
compiling exti.c...
compiling nrf24l01.c...
compiling motors.c...
compiling led.c...
compiling i2cdev.c...
compiling i2croutines.c...
compiling mpu6050.c...
compiling ms5611.c...
compiling hmc5883l.c...
compiling adc.c...
compiling nvic.c...
drivers\src\nvic.c(112): warning:  #223-D: function "eprintf" declared implicitly
compiling crtp.c...
compiling console.c...
compiling crtpservice.c...
compiling commander.c...
compiling param.c...
compiling sensfusion6.c...
compiling controller.c...
compiling pid.c...
compiling log.c...
compiling worker.c...
compiling system.c...
compiling comm.c...
compiling stabilizer.c...
compiling pidctrl.c...
compiling configblock.c...
compiling cpuid.c...
compiling crc.c...
compiling debug.c...
compiling eprintf.c...
compiling filter.c...
compiling fp16.c...
compiling cfassert.c...
compiling uart.c...
compiling freeRTOSdebug.c...
compiling ledseq.c...
hal\src\ledseq.c(210): warning:  #767-D: conversion from pointer to smaller integer
compiling imu.c...
compiling pm.c...
compiling radiolink.c...
assembling startup_stm32f10x_md.s...
compiling list.c...
compiling queue.c...
compiling tasks.c...
compiling timers.c...
compiling heap_4.c...
compiling port.c...
compiling core_cm3.c...
compiling system_stm32f10x.c...
linking...
Program Size: Code=59260 RO-data=1092 RW-data=1024 ZI-data=21408  
FromELF: creating hex file...
".\bin\uart.axf" - 0 Error(s), 2 Warning(s).
Rebuild target 'uart'
compiling main.c...
compiling misc.c...
compiling stm32f10x_gpio.c...
compiling stm32f10x_rcc.c...
compiling stm32f10x_usart.c...
compiling stm32f10x_dma.c...
compiling stm32f10x_spi.c...
compiling stm32f10x_exti.c...
compiling stm32f10x_adc.c...
compiling stm32f10x_dbgmcu.c...
compiling stm32f10x_flash.c...
compiling stm32f10x_i2c.c...
compiling stm32f10x_iwdg.c...
compiling stm32f10x_tim.c...
compiling exti.c...
compiling nrf24l01.c...
compiling motors.c...
compiling led.c...
compiling i2cdev.c...
compiling i2croutines.c...
compiling mpu6050.c...
compiling ms5611.c...
compiling hmc5883l.c...
compiling adc.c...
compiling nvic.c...
drivers\src\nvic.c(112): warning:  #223-D: function "eprintf" declared implicitly
compiling crtp.c...
compiling console.c...
compiling crtpservice.c...
compiling commander.c...
compiling param.c...
compiling sensfusion6.c...
compiling controller.c...
compiling pid.c...
compiling log.c...
compiling worker.c...
compiling system.c...
compiling comm.c...
compiling stabilizer.c...
compiling pidctrl.c...
compiling configblock.c...
compiling cpuid.c...
compiling crc.c...
compiling debug.c...
compiling eprintf.c...
compiling filter.c...
compiling fp16.c...
compiling cfassert.c...
compiling uart.c...
compiling freeRTOSdebug.c...
compiling ledseq.c...
hal\src\ledseq.c(210): warning:  #767-D: conversion from pointer to smaller integer
compiling imu.c...
compiling pm.c...
compiling radiolink.c...
assembling startup_stm32f10x_md.s...
compiling list.c...
compiling queue.c...
compiling tasks.c...
compiling timers.c...
compiling heap_4.c...
compiling port.c...
compiling core_cm3.c...
compiling system_stm32f10x.c...
linking...
Program Size: Code=42644 RO-data=1092 RW-data=1024 ZI-data=20304  
FromELF: creating hex file...
".\bin\uart.axf" - 0 Error(s), 2 Warning(s).
Rebuild target 'uart'
compiling main.c...
compiling misc.c...
compiling stm32f10x_gpio.c...
compiling stm32f10x_rcc.c...
compiling stm32f10x_usart.c...
compiling stm32f10x_dma.c...
compiling stm32f10x_spi.c...
compiling stm32f10x_exti.c...
compiling stm32f10x_adc.c...
compiling stm32f10x_dbgmcu.c...
compiling stm32f10x_flash.c...
compiling stm32f10x_i2c.c...
compiling stm32f10x_iwdg.c...
compiling stm32f10x_tim.c...
compiling exti.c...
compiling nrf24l01.c...
compiling motors.c...
compiling led.c...
compiling i2cdev.c...
compiling i2croutines.c...
compiling mpu6050.c...
compiling ms5611.c...
compiling hmc5883l.c...
compiling adc.c...
compiling nvic.c...
drivers\src\nvic.c(112): warning:  #223-D: function "eprintf" declared implicitly
compiling crtp.c...
compiling console.c...
compiling crtpservice.c...
compiling commander.c...
compiling param.c...
compiling sensfusion6.c...
compiling controller.c...
compiling pid.c...
compiling log.c...
compiling worker.c...
compiling system.c...
compiling comm.c...
compiling stabilizer.c...
compiling pidctrl.c...
compiling configblock.c...
compiling cpuid.c...
compiling crc.c...
compiling debug.c...
compiling eprintf.c...
compiling filter.c...
compiling fp16.c...
compiling cfassert.c...
compiling uart.c...
compiling freeRTOSdebug.c...
compiling ledseq.c...
hal\src\ledseq.c(210): warning:  #767-D: conversion from pointer to smaller integer
compiling imu.c...
compiling pm.c...
compiling radiolink.c...
assembling startup_stm32f10x_md.s...
compiling list.c...
compiling queue.c...
compiling tasks.c...
compiling timers.c...
compiling heap_4.c...
compiling port.c...
compiling core_cm3.c...
compiling system_stm32f10x.c...
linking...
Program Size: Code=35304 RO-data=1160 RW-data=984 ZI-data=20304  
FromELF: creating hex file...
".\bin\uart.axf" - 0 Error(s), 2 Warning(s).
Rebuild target 'uart'
compiling main.c...
compiling misc.c...
compiling stm32f10x_gpio.c...
compiling stm32f10x_rcc.c...
compiling stm32f10x_usart.c...
compiling stm32f10x_dma.c...
compiling stm32f10x_spi.c...
compiling stm32f10x_exti.c...
compiling stm32f10x_adc.c...
compiling stm32f10x_dbgmcu.c...
compiling stm32f10x_flash.c...
compiling stm32f10x_i2c.c...
compiling stm32f10x_iwdg.c...
compiling stm32f10x_tim.c...
compiling exti.c...
compiling nrf24l01.c...
compiling motors.c...
compiling led.c...
compiling i2cdev.c...
compiling i2croutines.c...
compiling mpu6050.c...
compiling ms5611.c...
compiling hmc5883l.c...
compiling adc.c...
compiling nvic.c...
drivers\src\nvic.c(112): warning:  #223-D: function "eprintf" declared implicitly
compiling crtp.c...
compiling console.c...
compiling crtpservice.c...
compiling commander.c...
compiling param.c...
compiling sensfusion6.c...
compiling controller.c...
compiling pid.c...
compiling log.c...
compiling worker.c...
compiling system.c...
compiling comm.c...
compiling stabilizer.c...
compiling pidctrl.c...
compiling configblock.c...
compiling cpuid.c...
compiling crc.c...
compiling debug.c...
compiling eprintf.c...
compiling filter.c...
compiling fp16.c...
compiling cfassert.c...
compiling uart.c...
compiling freeRTOSdebug.c...
compiling ledseq.c...
hal\src\ledseq.c(210): warning:  #767-D: conversion from pointer to smaller integer
compiling imu.c...
compiling pm.c...
compiling radiolink.c...
assembling startup_stm32f10x_md.s...
compiling list.c...
compiling queue.c...
compiling tasks.c...
compiling timers.c...
compiling heap_4.c...
compiling port.c...
compiling core_cm3.c...
compiling system_stm32f10x.c...
linking...
Program Size: Code=35304 RO-data=1160 RW-data=984 ZI-data=20304  
FromELF: creating hex file...
".\bin\uart.axf" - 0 Error(s), 2 Warning(s).
Rebuild target 'uart'
compiling main.c...
compiling misc.c...
compiling stm32f10x_gpio.c...
compiling stm32f10x_rcc.c...
compiling stm32f10x_usart.c...
compiling stm32f10x_dma.c...
compiling stm32f10x_spi.c...
compiling stm32f10x_exti.c...
compiling stm32f10x_adc.c...
compiling stm32f10x_dbgmcu.c...
compiling stm32f10x_flash.c...
compiling stm32f10x_i2c.c...
compiling stm32f10x_iwdg.c...
compiling stm32f10x_tim.c...
compiling exti.c...
compiling nrf24l01.c...
compiling motors.c...
compiling led.c...
compiling i2cdev.c...
compiling i2croutines.c...
compiling mpu6050.c...
compiling ms5611.c...
compiling hmc5883l.c...
compiling adc.c...
compiling nvic.c...
drivers\src\nvic.c(112): warning:  #223-D: function "eprintf" declared implicitly
compiling crtp.c...
compiling console.c...
compiling crtpservice.c...
compiling commander.c...
compiling param.c...
compiling sensfusion6.c...
compiling controller.c...
compiling pid.c...
compiling log.c...
compiling worker.c...
compiling system.c...
compiling comm.c...
compiling stabilizer.c...
compiling pidctrl.c...
compiling configblock.c...
compiling cpuid.c...
compiling crc.c...
compiling debug.c...
compiling eprintf.c...
compiling filter.c...
compiling fp16.c...
compiling cfassert.c...
compiling uart.c...
compiling freeRTOSdebug.c...
compiling ledseq.c...
hal\src\ledseq.c(210): warning:  #767-D: conversion from pointer to smaller integer
compiling imu.c...
compiling pm.c...
compiling radiolink.c...
assembling startup_stm32f10x_md.s...
compiling list.c...
compiling queue.c...
compiling tasks.c...
compiling timers.c...
compiling heap_4.c...
compiling port.c...
compiling core_cm3.c...
compiling system_stm32f10x.c...
linking...
Program Size: Code=32692 RO-data=1124 RW-data=984 ZI-data=20304  
FromELF: creating hex file...
".\bin\uart.axf" - 0 Error(s), 2 Warning(s).
Rebuild target 'uart'
compiling main.c...
compiling misc.c...
compiling stm32f10x_gpio.c...
compiling stm32f10x_rcc.c...
compiling stm32f10x_usart.c...
compiling stm32f10x_dma.c...
compiling stm32f10x_spi.c...
compiling stm32f10x_exti.c...
compiling stm32f10x_adc.c...
compiling stm32f10x_dbgmcu.c...
compiling stm32f10x_flash.c...
compiling stm32f10x_i2c.c...
compiling stm32f10x_iwdg.c...
compiling stm32f10x_tim.c...
compiling exti.c...
compiling nrf24l01.c...
compiling motors.c...
compiling led.c...
compiling i2cdev.c...
compiling i2croutines.c...
compiling mpu6050.c...
compiling ms5611.c...
compiling hmc5883l.c...
compiling adc.c...
compiling nvic.c...
drivers\src\nvic.c(112): warning:  #223-D: function "eprintf" declared implicitly
compiling crtp.c...
compiling console.c...
compiling crtpservice.c...
compiling commander.c...
compiling param.c...
compiling sensfusion6.c...
compiling controller.c...
compiling pid.c...
compiling log.c...
compiling worker.c...
compiling system.c...
compiling comm.c...
compiling stabilizer.c...
compiling pidctrl.c...
compiling configblock.c...
compiling cpuid.c...
compiling crc.c...
compiling debug.c...
compiling eprintf.c...
compiling filter.c...
compiling fp16.c...
compiling cfassert.c...
compiling uart.c...
compiling freeRTOSdebug.c...
compiling ledseq.c...
hal\src\ledseq.c(210): warning:  #767-D: conversion from pointer to smaller integer
compiling imu.c...
compiling pm.c...
compiling radiolink.c...
assembling startup_stm32f10x_md.s...
compiling list.c...
compiling queue.c...
compiling tasks.c...
compiling timers.c...
compiling heap_4.c...
compiling port.c...
compiling core_cm3.c...
compiling system_stm32f10x.c...
linking...
Program Size: Code=35304 RO-data=1160 RW-data=984 ZI-data=20304  
FromELF: creating hex file...
".\bin\uart.axf" - 0 Error(s), 2 Warning(s).
Rebuild target 'uart'
compiling main.c...
compiling misc.c...
compiling stm32f10x_gpio.c...
compiling stm32f10x_rcc.c...
compiling stm32f10x_usart.c...
compiling stm32f10x_dma.c...
compiling stm32f10x_spi.c...
compiling stm32f10x_exti.c...
compiling stm32f10x_adc.c...
compiling stm32f10x_dbgmcu.c...
compiling stm32f10x_flash.c...
compiling stm32f10x_i2c.c...
compiling stm32f10x_iwdg.c...
compiling stm32f10x_tim.c...
compiling exti.c...
compiling nrf24l01.c...
compiling motors.c...
compiling led.c...
compiling i2cdev.c...
compiling i2croutines.c...
compiling mpu6050.c...
compiling ms5611.c...
compiling hmc5883l.c...
compiling adc.c...
compiling nvic.c...
drivers\src\nvic.c(112): warning:  #223-D: function "eprintf" declared implicitly
compiling crtp.c...
compiling console.c...
compiling crtpservice.c...
compiling commander.c...
compiling param.c...
compiling sensfusion6.c...
compiling controller.c...
compiling pid.c...
compiling log.c...
compiling worker.c...
compiling system.c...
compiling comm.c...
compiling stabilizer.c...
compiling pidctrl.c...
compiling configblock.c...
compiling cpuid.c...
compiling crc.c...
compiling debug.c...
compiling eprintf.c...
compiling filter.c...
compiling fp16.c...
compiling cfassert.c...
compiling uart.c...
compiling freeRTOSdebug.c...
compiling ledseq.c...
hal\src\ledseq.c(210): warning:  #767-D: conversion from pointer to smaller integer
compiling imu.c...
compiling pm.c...
compiling radiolink.c...
assembling startup_stm32f10x_md.s...
lib\CMSIS\Core\CM3\startup\arm\startup_stm32f10x_md.s(60): warning: A1497W: Absolute relocation of RWPI address with respect to symbol '__initial_sp' at offset 0x0 may cause link failure
lib\CMSIS\Core\CM3\startup\arm\startup_stm32f10x_md.s(61): warning: A1496W: Absolute relocation of ROPI address with respect to symbol 'Reset_Handler' at offset 0x4 may cause link failure
lib\CMSIS\Core\CM3\startup\arm\startup_stm32f10x_md.s(62): warning: A1496W: Absolute relocation of ROPI address with respect to symbol 'NMI_Handler' at offset 0x8 may cause link failure
lib\CMSIS\Core\CM3\startup\arm\startup_stm32f10x_md.s(63): warning: A1496W: Absolute relocation of ROPI address with respect to symbol 'HardFault_Handler' at offset 0xc may cause link failure
lib\CMSIS\Core\CM3\startup\arm\startup_stm32f10x_md.s(64): warning: A1496W: Absolute relocation of ROPI address with respect to symbol 'MemManage_Handler' at offset 0x10 may cause link failure
lib\CMSIS\Core\CM3\startup\arm\startup_stm32f10x_md.s(65): warning: A1496W: Absolute relocation of ROPI address with respect to symbol 'BusFault_Handler' at offset 0x14 may cause link failure
lib\CMSIS\Core\CM3\startup\arm\startup_stm32f10x_md.s(66): warning: A1496W: Absolute relocation of ROPI address with respect to symbol 'UsageFault_Handler' at offset 0x18 may cause link failure
lib\CMSIS\Core\CM3\startup\arm\startup_stm32f10x_md.s(71): warning: A1496W: Absolute relocation of ROPI address with respect to symbol 'SVC_Handler' at offset 0x2c may cause link failure
lib\CMSIS\Core\CM3\startup\arm\startup_stm32f10x_md.s(72): warning: A1496W: Absolute relocation of ROPI address with respect to symbol 'DebugMon_Handler' at offset 0x30 may cause link failure
lib\CMSIS\Core\CM3\startup\arm\startup_stm32f10x_md.s(74): warning: A1496W: Absolute relocation of ROPI address with respect to symbol 'PendSV_Handler' at offset 0x38 may cause link failure
lib\CMSIS\Core\CM3\startup\arm\startup_stm32f10x_md.s(75): warning: A1496W: Absolute relocation of ROPI address with respect to symbol 'SysTick_Handler' at offset 0x3c may cause link failure
lib\CMSIS\Core\CM3\startup\arm\startup_stm32f10x_md.s(78): warning: A1496W: Absolute relocation of ROPI address with respect to symbol 'WWDG_IRQHandler' at offset 0x40 may cause link failure
lib\CMSIS\Core\CM3\startup\arm\startup_stm32f10x_md.s(79): warning: A1496W: Absolute relocation of ROPI address with respect to symbol 'PVD_IRQHandler' at offset 0x44 may cause link failure
lib\CMSIS\Core\CM3\startup\arm\startup_stm32f10x_md.s(80): warning: A1496W: Absolute relocation of ROPI address with respect to symbol 'TAMPER_IRQHandler' at offset 0x48 may cause link failure
lib\CMSIS\Core\CM3\startup\arm\startup_stm32f10x_md.s(81): warning: A1496W: Absolute relocation of ROPI address with respect to symbol 'RTC_IRQHandler' at offset 0x4c may cause link failure
[...]
compiling imu.c...
compiling pm.c...
compiling radiolink.c...
assembling startup_stm32f10x_md.s...
compiling list.c...
compiling queue.c...
compiling tasks.c...
compiling timers.c...
compiling heap_4.c...
compiling port.c...
compiling core_cm3.c...
compiling system_stm32f10x.c...
linking...
Program Size: Code=35304 RO-data=1160 RW-data=984 ZI-data=20304  
FromELF: creating hex file...
".\bin\uart.axf" - 0 Error(s), 2 Warning(s).
Rebuild target 'uart'
compiling main.c...
compiling misc.c...
compiling stm32f10x_gpio.c...
compiling stm32f10x_rcc.c...
compiling stm32f10x_usart.c...
compiling stm32f10x_dma.c...
compiling stm32f10x_spi.c...
compiling stm32f10x_exti.c...
compiling stm32f10x_adc.c...
compiling stm32f10x_dbgmcu.c...
compiling stm32f10x_flash.c...
compiling stm32f10x_i2c.c...
compiling stm32f10x_iwdg.c...
compiling stm32f10x_tim.c...
compiling exti.c...
compiling nrf24l01.c...
compiling motors.c...
compiling led.c...
compiling i2cdev.c...
compiling i2croutines.c...
compiling mpu6050.c...
compiling ms5611.c...
compiling hmc5883l.c...
compiling adc.c...
compiling nvic.c...
drivers\src\nvic.c(112): warning:  #223-D: function "eprintf" declared implicitly
compiling crtp.c...
compiling console.c...
compiling crtpservice.c...
compiling commander.c...
compiling param.c...
compiling sensfusion6.c...
compiling controller.c...
compiling pid.c...
compiling log.c...
compiling worker.c...
compiling system.c...
compiling comm.c...
compiling stabilizer.c...
compiling pidctrl.c...
compiling configblock.c...
compiling cpuid.c...
compiling crc.c...
compiling debug.c...
compiling eprintf.c...
compiling filter.c...
compiling fp16.c...
compiling cfassert.c...
compiling uart.c...
compiling freeRTOSdebug.c...
compiling ledseq.c...
hal\src\ledseq.c(210): warning:  #767-D: conversion from pointer to smaller integer
compiling imu.c...
compiling pm.c...
compiling radiolink.c...
assembling startup_stm32f10x_md.s...
compiling list.c...
compiling queue.c...
compiling tasks.c...
compiling timers.c...
compiling heap_4.c...
compiling port.c...
compiling core_cm3.c...
compiling system_stm32f10x.c...
linking...
Program Size: Code=35304 RO-data=1160 RW-data=984 ZI-data=20304  
FromELF: creating hex file...
User command #1: fromelf.exe --bin -o bin\crazyfly.bin bin\uart.axf
".\bin\uart.axf" - 0 Error(s), 2 Warning(s).
Rebuild target 'uart'
compiling main.c...
compiling misc.c...
compiling stm32f10x_gpio.c...
compiling stm32f10x_rcc.c...
compiling stm32f10x_usart.c...
compiling stm32f10x_dma.c...
compiling stm32f10x_spi.c...
compiling stm32f10x_exti.c...
compiling stm32f10x_adc.c...
compiling stm32f10x_dbgmcu.c...
compiling stm32f10x_flash.c...
compiling stm32f10x_i2c.c...
compiling stm32f10x_iwdg.c...
compiling stm32f10x_tim.c...
compiling exti.c...
compiling nrf24l01.c...
compiling motors.c...
compiling led.c...
compiling i2cdev.c...
compiling i2croutines.c...
compiling mpu6050.c...
compiling ms5611.c...
compiling hmc5883l.c...
compiling adc.c...
compiling nvic.c...
drivers\src\nvic.c(112): warning:  #223-D: function "eprintf" declared implicitly
compiling crtp.c...
compiling console.c...
compiling crtpservice.c...
compiling commander.c...
compiling param.c...
compiling sensfusion6.c...
compiling controller.c...
compiling pid.c...
compiling log.c...
compiling worker.c...
compiling system.c...
compiling comm.c...
compiling stabilizer.c...
compiling pidctrl.c...
compiling configblock.c...
compiling cpuid.c...
compiling crc.c...
compiling debug.c...
compiling eprintf.c...
compiling filter.c...
compiling fp16.c...
compiling cfassert.c...
compiling uart.c...
compiling freeRTOSdebug.c...
compiling ledseq.c...
hal\src\ledseq.c(210): warning:  #767-D: conversion from pointer to smaller integer
compiling imu.c...
compiling pm.c...
compiling radiolink.c...
assembling startup_stm32f10x_md.s...
compiling list.c...
compiling queue.c...
compiling tasks.c...
compiling timers.c...
compiling heap_4.c...
compiling port.c...
compiling core_cm3.c...
compiling system_stm32f10x.c...
linking...
Program Size: Code=46660 RO-data=1228 RW-data=1020 ZI-data=20916  
FromELF: creating hex file...
User command #1: fromelf.exe --bin -o bin\crazyfly.bin bin\uart.axf
".\bin\uart.axf" - 0 Error(s), 2 Warning(s).
Rebuild target 'uart'
compiling main.c...
compiling misc.c...
compiling stm32f10x_gpio.c...
compiling stm32f10x_rcc.c...
compiling stm32f10x_usart.c...
compiling stm32f10x_dma.c...
compiling stm32f10x_spi.c...
compiling stm32f10x_exti.c...
compiling stm32f10x_adc.c...
compiling stm32f10x_dbgmcu.c...
compiling stm32f10x_flash.c...
compiling stm32f10x_i2c.c...
compiling stm32f10x_iwdg.c...
compiling stm32f10x_tim.c...
compiling exti.c...
compiling nrf24l01.c...
compiling motors.c...
compiling led.c...
compiling i2cdev.c...
compiling i2croutines.c...
compiling mpu6050.c...
compiling ms5611.c...
compiling hmc5883l.c...
compiling adc.c...
compiling nvic.c...
drivers\src\nvic.c(112): warning:  #223-D: function "eprintf" declared implicitly
compiling crtp.c...
compiling console.c...
compiling crtpservice.c...
compiling commander.c...
compiling param.c...
compiling sensfusion6.c...
compiling controller.c...
compiling pid.c...
compiling log.c...
compiling worker.c...
compiling system.c...
compiling comm.c...
compiling stabilizer.c...
compiling pidctrl.c...
compiling configblock.c...
compiling cpuid.c...
compiling crc.c...
compiling debug.c...
compiling eprintf.c...
compiling filter.c...
compiling fp16.c...
compiling cfassert.c...
compiling uart.c...
compiling freeRTOSdebug.c...
compiling ledseq.c...
hal\src\ledseq.c(210): warning:  #767-D: conversion from pointer to smaller integer
compiling imu.c...
compiling pm.c...
compiling radiolink.c...
assembling startup_stm32f10x_md.s...
compiling list.c...
compiling queue.c...
compiling tasks.c...
compiling timers.c...
compiling heap_4.c...
compiling port.c...
compiling core_cm3.c...
compiling system_stm32f10x.c...
linking...
.\bin\uart.axf: Error: L6406E: No space in execution regions with .ANY selector matching tasks.o(.bss).
.\bin\uart.axf: Error: L6406E: No space in execution regions with .ANY selector matching crtp.o(.bss).
.\bin\uart.axf: Error: L6406E: No space in execution regions with .ANY selector matching libspace.o(.bss).
.\bin\uart.axf: Error: L6406E: No space in execution regions with .ANY selector matching ledseq.o(.bss).
.\bin\uart.axf: Error: L6406E: No space in execution regions with .ANY selector matching stabilizer.o(.data).
.\bin\uart.axf: Error: L6406E: No space in execution regions with .ANY selector matching adc.o(.bss).
.\bin\uart.axf: Error: L6406E: No space in execution regions with .ANY selector matching imu.o(.data).
.\bin\uart.axf: Error: L6406E: No space in execution regions with .ANY selector matching tasks.o(.data).
.\bin\uart.axf: Error: L6406E: No space in execution regions with .ANY selector matching i2croutines.o(.bss).
.\bin\uart.axf: Error: L6406E: No space in execution regions with .ANY selector matching uart.o(.data).
.\bin\uart.axf: Error: L6406E: No space in execution regions with .ANY selector matching timers.o(.bss).
.\bin\uart.axf: Error: L6406E: No space in execution regions with .ANY selector matching sensfusion6.o(.data).
.\bin\uart.axf: Error: L6406E: No space in execution regions with .ANY selector matching radiolink.o(.bss).
.\bin\uart.axf: Error: L6406E: No space in execution regions with .ANY selector matching crtp.o(.data).
.\bin\uart.axf: Error: L6406E: No space in execution regions with .ANY selector matching console.o(.bss).
.\bin\uart.axf: Error: L6406E: No space in execution regions with .ANY selector matching mpu6050.o(.bss).
.\bin\uart.axf: Error: L6406E: No space in execution regions with .ANY selector matching pm.o(.data).
.\bin\uart.axf: Error: L6406E: No space in execution regions with .ANY selector matching radiolink.o(.data).
.\bin\uart.axf: Error: L6406E: No space in execution regions with .ANY selector matching led.o(.data).
.\bin\uart.axf: Error: L6406E: No space in execution regions with .ANY selector matching commander.o(.bss).
.\bin\uart.axf: Error: L6406E: No space in execution regions with .ANY selector matching ms5611.o(.data).
.\bin\uart.axf: Error: L6406E: No space in execution regions with .ANY selector matching log.o(.data).
.\bin\uart.axf: Error: L6406E: No space in execution regions with .ANY selector matching stabilizer.o(.bss).
.\bin\uart.axf: Error: L6406E: No space in execution regions with .ANY selector matching stm32f10x_rcc.o(.data).
.\bin\uart.axf: Error: L6406E: No space in execution regions with .ANY selector matching i2cdev.o(.data).
.\bin\uart.axf: Error: L6406E: No space in execution regions with .ANY selector matching param.o(.data).
.\bin\uart.axf: Error: L6406E: No space in execution regions with .ANY selector matching i2cdev.o(.bss).
.\bin\uart.axf: Error: L6406E: No space in execution regions with .ANY selector matching i2croutines.o(.data).
.\bin\uart.axf: Error: L6406E: No space in execution regions with .ANY selector matching timers.o(.data).
.\bin\uart.axf: Error: L6406E: No space in execution regions with .ANY selector matching heap_4.o(.data).
.\bin\uart.axf: Error: L6406E: No space in execution regions with .ANY selector matching hmc5883l.o(.data).
.\bin\uart.axf: Error: L6406E: No space in execution regions with .ANY selector matching ms5611.o(.bss).
.\bin\uart.axf: Error: L6406E: No space in execution regions with .ANY selector matching commander.o(.data).
.\bin\uart.axf: Error: L6406E: No space in execution regions with .ANY selector matching mpu6050.o(.data).
.\bin\uart.axf: Error: L6406E: No space in execution regions with .ANY selector matching adc.o(.data).
.\bin\uart.axf: Error: L6406E: No space in execution regions with .ANY selector matching system.o(.data).
.\bin\uart.axf: Error: L6406E: No space in execution regions with .ANY selector matching configblock.o(.data).
.\bin\uart.axf: Error: L6406E: No space in execution regions with .ANY selector matching controller.o(.data).
.\bin\uart.axf: Error: L6406E: No space in execution regions with .ANY selector matching nrf24l01.o(.data).
.\bin\uart.axf: Error: L6406E: No space in execution regions with .ANY selector matching console.o(.data).
.\bin\uart.axf: Error: L6406E: No space in execution regions with .ANY selector matching worker.o(.data).
.\bin\uart.axf: Error: L6406E: No space in execution regions with .ANY selector matching freertosdebug.o(.data).
.\bin\uart.axf: Error: L6406E: No space in execution regions with .ANY selector matching port.o(.data).
.\bin\uart.axf: Error: L6406E: No space in execution regions with .ANY selector matching exti.o(.data).
.\bin\uart.axf: Error: L6406E: No space in execution regions with .ANY selector matching motors.o(.data).
.\bin\uart.axf: Error: L6406E: No space in execution regions with .ANY selector matching crtpservice.o(.data).
.\bin\uart.axf: Error: L6406E: No space in execution regions with .ANY selector matching comm.o(.data).
.\bin\uart.axf: Error: L6407E: Sections of aggregate size 0x5b4 bytes could not fit into .ANY selector(s).
Target not created
Rebuild target 'uart'
compiling main.c...
compiling misc.c...
compiling stm32f10x_gpio.c...
compiling stm32f10x_rcc.c...
compiling stm32f10x_usart.c...
compiling stm32f10x_dma.c...
compiling stm32f10x_spi.c...
compiling stm32f10x_exti.c...
compiling stm32f10x_adc.c...
compiling stm32f10x_dbgmcu.c...
compiling stm32f10x_flash.c...
compiling stm32f10x_i2c.c...
compiling stm32f10x_iwdg.c...
compiling stm32f10x_tim.c...
compiling exti.c...
compiling nrf24l01.c...
compiling motors.c...
compiling led.c...
compiling i2cdev.c...
compiling i2croutines.c...
compiling mpu6050.c...
compiling ms5611.c...
compiling hmc5883l.c...
compiling adc.c...
compiling nvic.c...
drivers\src\nvic.c(112): warning:  #223-D: function "eprintf" declared implicitly
compiling crtp.c...
compiling console.c...
compiling crtpservice.c...
compiling commander.c...
compiling param.c...
compiling sensfusion6.c...
compiling controller.c...
compiling pid.c...
compiling log.c...
compiling worker.c...
compiling system.c...
compiling comm.c...
compiling stabilizer.c...
compiling pidctrl.c...
compiling configblock.c...
compiling cpuid.c...
compiling crc.c...
compiling debug.c...
compiling eprintf.c...
compiling filter.c...
compiling fp16.c...
compiling cfassert.c...
compiling uart.c...
compiling freeRTOSdebug.c...
compiling ledseq.c...
hal\src\ledseq.c(210): warning:  #767-D: conversion from pointer to smaller integer
compiling imu.c...
compiling pm.c...
compiling radiolink.c...
assembling startup_stm32f10x_md.s...
compiling list.c...
compiling queue.c...
compiling tasks.c...
compiling timers.c...
compiling heap_4.c...
compiling port.c...
compiling core_cm3.c...
compiling system_stm32f10x.c...
linking...
.\bin\crazyfly.axf: Error: L6406E: No space in execution regions with .ANY selector matching tasks.o(.bss).
.\bin\crazyfly.axf: Error: L6406E: No space in execution regions with .ANY selector matching crtp.o(.bss).
.\bin\crazyfly.axf: Error: L6406E: No space in execution regions with .ANY selector matching libspace.o(.bss).
.\bin\crazyfly.axf: Error: L6406E: No space in execution regions with .ANY selector matching ledseq.o(.bss).
.\bin\crazyfly.axf: Error: L6406E: No space in execution regions with .ANY selector matching stabilizer.o(.data).
.\bin\crazyfly.axf: Error: L6406E: No space in execution regions with .ANY selector matching adc.o(.bss).
.\bin\crazyfly.axf: Error: L6406E: No space in execution regions with .ANY selector matching imu.o(.data).
.\bin\crazyfly.axf: Error: L6406E: No space in execution regions with .ANY selector matching tasks.o(.data).
.\bin\crazyfly.axf: Error: L6406E: No space in execution regions with .ANY selector matching i2croutines.o(.bss).
.\bin\crazyfly.axf: Error: L6406E: No space in execution regions with .ANY selector matching uart.o(.data).
.\bin\crazyfly.axf: Error: L6406E: No space in execution regions with .ANY selector matching timers.o(.bss).
.\bin\crazyfly.axf: Error: L6406E: No space in execution regions with .ANY selector matching sensfusion6.o(.data).
.\bin\crazyfly.axf: Error: L6406E: No space in execution regions with .ANY selector matching radiolink.o(.bss).
.\bin\crazyfly.axf: Error: L6406E: No space in execution regions with .ANY selector matching crtp.o(.data).
.\bin\crazyfly.axf: Error: L6406E: No space in execution regions with .ANY selector matching console.o(.bss).
.\bin\crazyfly.axf: Error: L6406E: No space in execution regions with .ANY selector matching mpu6050.o(.bss).
.\bin\crazyfly.axf: Error: L6406E: No space in execution regions with .ANY selector matching pm.o(.data).
.\bin\crazyfly.axf: Error: L6406E: No space in execution regions with .ANY selector matching radiolink.o(.data).
.\bin\crazyfly.axf: Error: L6406E: No space in execution regions with .ANY selector matching led.o(.data).
.\bin\crazyfly.axf: Error: L6406E: No space in execution regions with .ANY selector matching commander.o(.bss).
.\bin\crazyfly.axf: Error: L6406E: No space in execution regions with .ANY selector matching ms5611.o(.data).
.\bin\crazyfly.axf: Error: L6406E: No space in execution regions with .ANY selector matching log.o(.data).
.\bin\crazyfly.axf: Error: L6406E: No space in execution regions with .ANY selector matching stabilizer.o(.bss).
.\bin\crazyfly.axf: Error: L6406E: No space in execution regions with .ANY selector matching stm32f10x_rcc.o(.data).
.\bin\crazyfly.axf: Error: L6406E: No space in execution regions with .ANY selector matching i2cdev.o(.data).
.\bin\crazyfly.axf: Error: L6406E: No space in execution regions with .ANY selector matching param.o(.data).
.\bin\crazyfly.axf: Error: L6406E: No space in execution regions with .ANY selector matching i2cdev.o(.bss).
.\bin\crazyfly.axf: Error: L6406E: No space in execution regions with .ANY selector matching i2croutines.o(.data).
.\bin\crazyfly.axf: Error: L6406E: No space in execution regions with .ANY selector matching timers.o(.data).
.\bin\crazyfly.axf: Error: L6406E: No space in execution regions with .ANY selector matching heap_4.o(.data).
.\bin\crazyfly.axf: Error: L6406E: No space in execution regions with .ANY selector matching hmc5883l.o(.data).
.\bin\crazyfly.axf: Error: L6406E: No space in execution regions with .ANY selector matching ms5611.o(.bss).
.\bin\crazyfly.axf: Error: L6406E: No space in execution regions with .ANY selector matching commander.o(.data).
.\bin\crazyfly.axf: Error: L6406E: No space in execution regions with .ANY selector matching mpu6050.o(.data).
.\bin\crazyfly.axf: Error: L6406E: No space in execution regions with .ANY selector matching adc.o(.data).
.\bin\crazyfly.axf: Error: L6406E: No space in execution regions with .ANY selector matching system.o(.data).
.\bin\crazyfly.axf: Error: L6406E: No space in execution regions with .ANY selector matching configblock.o(.data).
.\bin\crazyfly.axf: Error: L6406E: No space in execution regions with .ANY selector matching controller.o(.data).
.\bin\crazyfly.axf: Error: L6406E: No space in execution regions with .ANY selector matching nrf24l01.o(.data).
.\bin\crazyfly.axf: Error: L6406E: No space in execution regions with .ANY selector matching console.o(.data).
.\bin\crazyfly.axf: Error: L6406E: No space in execution regions with .ANY selector matching worker.o(.data).
.\bin\crazyfly.axf: Error: L6406E: No space in execution regions with .ANY selector matching freertosdebug.o(.data).
.\bin\crazyfly.axf: Error: L6406E: No space in execution regions with .ANY selector matching port.o(.data).
.\bin\crazyfly.axf: Error: L6406E: No space in execution regions with .ANY selector matching exti.o(.data).
.\bin\crazyfly.axf: Error: L6406E: No space in execution regions with .ANY selector matching motors.o(.data).
.\bin\crazyfly.axf: Error: L6406E: No space in execution regions with .ANY selector matching crtpservice.o(.data).
.\bin\crazyfly.axf: Error: L6406E: No space in execution regions with .ANY selector matching comm.o(.data).
.\bin\crazyfly.axf: Error: L6407E: Sections of aggregate size 0x5b4 bytes could not fit into .ANY selector(s).
Target not created
Rebuild target 'uart'
compiling main.c...
compiling misc.c...
compiling stm32f10x_gpio.c...
compiling stm32f10x_rcc.c...
compiling stm32f10x_usart.c...
compiling stm32f10x_dma.c...
compiling stm32f10x_spi.c...
compiling stm32f10x_exti.c...
compiling stm32f10x_adc.c...
compiling stm32f10x_dbgmcu.c...
compiling stm32f10x_flash.c...
compiling stm32f10x_i2c.c...
compiling stm32f10x_iwdg.c...
compiling stm32f10x_tim.c...
compiling exti.c...
compiling nrf24l01.c...
compiling motors.c...
compiling led.c...
compiling i2cdev.c...
compiling i2croutines.c...
compiling mpu6050.c...
compiling ms5611.c...
compiling hmc5883l.c...
compiling adc.c...
compiling nvic.c...
drivers\src\nvic.c(112): warning:  #223-D: function "eprintf" declared implicitly
compiling crtp.c...
compiling console.c...
compiling crtpservice.c...
compiling commander.c...
compiling param.c...
compiling sensfusion6.c...
compiling controller.c...
compiling pid.c...
compiling log.c...
compiling worker.c...
compiling system.c...
compiling comm.c...
compiling stabilizer.c...
compiling pidctrl.c...
compiling configblock.c...
compiling cpuid.c...
compiling crc.c...
compiling debug.c...
compiling eprintf.c...
compiling filter.c...
compiling fp16.c...
compiling cfassert.c...
compiling uart.c...
compiling freeRTOSdebug.c...
compiling ledseq.c...
hal\src\ledseq.c(210): warning:  #767-D: conversion from pointer to smaller integer
compiling imu.c...
compiling pm.c...
compiling radiolink.c...
assembling startup_stm32f10x_md.s...
compiling list.c...
compiling queue.c...
compiling tasks.c...
compiling timers.c...
compiling heap_4.c...
compiling port.c...
compiling core_cm3.c...
compiling system_stm32f10x.c...
linking...
Program Size: Code=46660 RO-data=1228 RW-data=1020 ZI-data=20916  
User command #1: fromelf.exe --bin -o bin\crazyfly.bin bin\crazyfly.axf
".\bin\crazyfly.axf" - 0 Error(s), 2 Warning(s).
